Archive member included to satisfy reference by file (symbol)

c:/program files (x86)/gnu tools arm embedded/8 2019-q3-update/bin/../lib/gcc/arm-none-eabi/8.3.1/../../../../arm-none-eabi/lib/thumb/v7-m/nofp\libg_nano.a(lib_a-errno.o)
                              ./system/src/newlib/_sbrk.o (__errno)
c:/program files (x86)/gnu tools arm embedded/8 2019-q3-update/bin/../lib/gcc/arm-none-eabi/8.3.1/../../../../arm-none-eabi/lib/thumb/v7-m/nofp\libg_nano.a(lib_a-impure.o)
                              c:/program files (x86)/gnu tools arm embedded/8 2019-q3-update/bin/../lib/gcc/arm-none-eabi/8.3.1/../../../../arm-none-eabi/lib/thumb/v7-m/nofp\libg_nano.a(lib_a-errno.o) (_impure_ptr)
c:/program files (x86)/gnu tools arm embedded/8 2019-q3-update/bin/../lib/gcc/arm-none-eabi/8.3.1/../../../../arm-none-eabi/lib/thumb/v7-m/nofp\libg_nano.a(lib_a-strlen.o)
                              ./system/src/diag/Trace.o (strlen)
c:/program files (x86)/gnu tools arm embedded/8 2019-q3-update/bin/../lib/gcc/arm-none-eabi/8.3.1/../../../../arm-none-eabi/lib/thumb/v7-m/nofp\libg_nano.a(lib_a-vsnprintf.o)
                              ./system/src/diag/Trace.o (vsnprintf)
c:/program files (x86)/gnu tools arm embedded/8 2019-q3-update/bin/../lib/gcc/arm-none-eabi/8.3.1/../../../../arm-none-eabi/lib/thumb/v7-m/nofp\libg_nano.a(lib_a-nano-svfprintf.o)
                              c:/program files (x86)/gnu tools arm embedded/8 2019-q3-update/bin/../lib/gcc/arm-none-eabi/8.3.1/../../../../arm-none-eabi/lib/thumb/v7-m/nofp\libg_nano.a(lib_a-vsnprintf.o) (_svfprintf_r)
c:/program files (x86)/gnu tools arm embedded/8 2019-q3-update/bin/../lib/gcc/arm-none-eabi/8.3.1/../../../../arm-none-eabi/lib/thumb/v7-m/nofp\libg_nano.a(lib_a-nano-vfprintf_i.o)
                              c:/program files (x86)/gnu tools arm embedded/8 2019-q3-update/bin/../lib/gcc/arm-none-eabi/8.3.1/../../../../arm-none-eabi/lib/thumb/v7-m/nofp\libg_nano.a(lib_a-nano-svfprintf.o) (_printf_i)
c:/program files (x86)/gnu tools arm embedded/8 2019-q3-update/bin/../lib/gcc/arm-none-eabi/8.3.1/../../../../arm-none-eabi/lib/thumb/v7-m/nofp\libg_nano.a(lib_a-memchr-stub.o)
                              c:/program files (x86)/gnu tools arm embedded/8 2019-q3-update/bin/../lib/gcc/arm-none-eabi/8.3.1/../../../../arm-none-eabi/lib/thumb/v7-m/nofp\libg_nano.a(lib_a-nano-svfprintf.o) (memchr)
c:/program files (x86)/gnu tools arm embedded/8 2019-q3-update/bin/../lib/gcc/arm-none-eabi/8.3.1/../../../../arm-none-eabi/lib/thumb/v7-m/nofp\libg_nano.a(lib_a-memcpy-stub.o)
                              c:/program files (x86)/gnu tools arm embedded/8 2019-q3-update/bin/../lib/gcc/arm-none-eabi/8.3.1/../../../../arm-none-eabi/lib/thumb/v7-m/nofp\libg_nano.a(lib_a-nano-svfprintf.o) (memcpy)
c:/program files (x86)/gnu tools arm embedded/8 2019-q3-update/bin/../lib/gcc/arm-none-eabi/8.3.1/../../../../arm-none-eabi/lib/thumb/v7-m/nofp\libg_nano.a(lib_a-memmove.o)
                              c:/program files (x86)/gnu tools arm embedded/8 2019-q3-update/bin/../lib/gcc/arm-none-eabi/8.3.1/../../../../arm-none-eabi/lib/thumb/v7-m/nofp\libg_nano.a(lib_a-nano-svfprintf.o) (memmove)
c:/program files (x86)/gnu tools arm embedded/8 2019-q3-update/bin/../lib/gcc/arm-none-eabi/8.3.1/../../../../arm-none-eabi/lib/thumb/v7-m/nofp\libg_nano.a(lib_a-nano-freer.o)
                              c:/program files (x86)/gnu tools arm embedded/8 2019-q3-update/bin/../lib/gcc/arm-none-eabi/8.3.1/../../../../arm-none-eabi/lib/thumb/v7-m/nofp\libg_nano.a(lib_a-nano-svfprintf.o) (_free_r)
c:/program files (x86)/gnu tools arm embedded/8 2019-q3-update/bin/../lib/gcc/arm-none-eabi/8.3.1/../../../../arm-none-eabi/lib/thumb/v7-m/nofp\libg_nano.a(lib_a-nano-mallocr.o)
                              c:/program files (x86)/gnu tools arm embedded/8 2019-q3-update/bin/../lib/gcc/arm-none-eabi/8.3.1/../../../../arm-none-eabi/lib/thumb/v7-m/nofp\libg_nano.a(lib_a-nano-svfprintf.o) (_malloc_r)
c:/program files (x86)/gnu tools arm embedded/8 2019-q3-update/bin/../lib/gcc/arm-none-eabi/8.3.1/../../../../arm-none-eabi/lib/thumb/v7-m/nofp\libg_nano.a(lib_a-nano-reallocr.o)
                              c:/program files (x86)/gnu tools arm embedded/8 2019-q3-update/bin/../lib/gcc/arm-none-eabi/8.3.1/../../../../arm-none-eabi/lib/thumb/v7-m/nofp\libg_nano.a(lib_a-nano-svfprintf.o) (_realloc_r)
c:/program files (x86)/gnu tools arm embedded/8 2019-q3-update/bin/../lib/gcc/arm-none-eabi/8.3.1/../../../../arm-none-eabi/lib/thumb/v7-m/nofp\libg_nano.a(lib_a-sbrkr.o)
                              c:/program files (x86)/gnu tools arm embedded/8 2019-q3-update/bin/../lib/gcc/arm-none-eabi/8.3.1/../../../../arm-none-eabi/lib/thumb/v7-m/nofp\libg_nano.a(lib_a-nano-mallocr.o) (_sbrk_r)
c:/program files (x86)/gnu tools arm embedded/8 2019-q3-update/bin/../lib/gcc/arm-none-eabi/8.3.1/../../../../arm-none-eabi/lib/thumb/v7-m/nofp\libg_nano.a(lib_a-mlock.o)
[...]
Memory Configuration

Name             Origin             Length             Attributes
RAM              0x20000000         0x00005000         xrw
CCMRAM           0x00000000         0x00000000         xrw
FLASH            0x08000000         0x00010000         xr
FLASHB1          0x00000000         0x00000000         xr
EXTMEMB0         0x00000000         0x00000000         xr
EXTMEMB1         0x00000000         0x00000000         xr
EXTMEMB2         0x00000000         0x00000000         xr
EXTMEMB3         0x00000000         0x00000000         xr
MEMORY_ARRAY     0x00000000         0x00000000         xrw
*default*        0x00000000         0xffffffff

Linker script and memory map

LOAD ./system/src/stm32f1-stdperiph/misc.o
LOAD ./system/src/stm32f1-stdperiph/stm32f10x_gpio.o
LOAD ./system/src/stm32f1-stdperiph/stm32f10x_rcc.o
LOAD ./system/src/newlib/_cxx.o
LOAD ./system/src/newlib/_exit.o
LOAD ./system/src/newlib/_sbrk.o
LOAD ./system/src/newlib/_startup.o
LOAD ./system/src/newlib/_syscalls.o
LOAD ./system/src/newlib/assert.o
LOAD ./system/src/diag/Trace.o
LOAD ./system/src/diag/trace_impl.o
LOAD ./system/src/cortexm/_initialize_hardware.o
LOAD ./system/src/cortexm/_reset_hardware.o
LOAD ./system/src/cortexm/exception_handlers.o
LOAD ./system/src/cmsis/system_stm32f10x.o
LOAD ./system/src/cmsis/vectors_stm32f10x.o
LOAD ./src/AFIO_program.o
LOAD ./src/EXTI_program.o
LOAD ./src/GPIO_program.o
LOAD ./src/NVIC_program.o
LOAD ./src/RCC_program.o
LOAD ./src/STK_program.o
LOAD ./src/main.o
LOAD c:/program files (x86)/gnu tools arm embedded/8 2019-q3-update/bin/../lib/gcc/arm-none-eabi/8.3.1/../../../../arm-none-eabi/lib/thumb/v7-m/nofp\libstdc++_nano.a
LOAD c:/program files (x86)/gnu tools arm embedded/8 2019-q3-update/bin/../lib/gcc/arm-none-eabi/8.3.1/../../../../arm-none-eabi/lib/thumb/v7-m/nofp\libm.a
START GROUP
LOAD c:/program files (x86)/gnu tools arm embedded/8 2019-q3-update/bin/../lib/gcc/arm-none-eabi/8.3.1/thumb/v7-m/nofp\libgcc.a
LOAD c:/program files (x86)/gnu tools arm embedded/8 2019-q3-update/bin/../lib/gcc/arm-none-eabi/8.3.1/../../../../arm-none-eabi/lib/thumb/v7-m/nofp\libg_nano.a
LOAD c:/program files (x86)/gnu tools arm embedded/8 2019-q3-update/bin/../lib/gcc/arm-none-eabi/8.3.1/../../../../arm-none-eabi/lib/thumb/v7-m/nofp\libc_nano.a
END GROUP
START GROUP
LOAD c:/program files (x86)/gnu tools arm embedded/8 2019-q3-update/bin/../lib/gcc/arm-none-eabi/8.3.1/thumb/v7-m/nofp\libgcc.a
LOAD c:/program files (x86)/gnu tools arm embedded/8 2019-q3-update/bin/../lib/gcc/arm-none-eabi/8.3.1/../../../../arm-none-eabi/lib/thumb/v7-m/nofp\libc_nano.a
END GROUP
                0x20005000                __stack = (ORIGIN (RAM) + LENGTH (RAM))
                0x20005000                _estack = __stack
                0x00000400                __Main_Stack_Size = 0x400
                [!provide]                PROVIDE (_Main_Stack_Size = __Main_Stack_Size)
                0x20004c00                __Main_Stack_Limit = (__stack - __Main_Stack_Size)
                [!provide]                PROVIDE (_Main_Stack_Limit = __Main_Stack_Limit)
                0x00000100                _Minimum_Stack_Size = 0x100
                0x20000188                PROVIDE (_Heap_Begin = _end_noinit)
                0x20004c00                PROVIDE (_Heap_Limit = (__stack - __Main_Stack_Size))

.isr_vector     0x08000000      0x350
 FILL mask 0xff
                0x08000000                __vectors_start = ABSOLUTE (.)
                0x08000000                __vectors_start__ = ABSOLUTE (.)
 *(.isr_vector)
 .isr_vector    0x08000000      0x10c ./system/src/cmsis/vectors_stm32f10x.o
                0x08000000                __isr_vectors
 *(.cfmconfig)
 *(.after_vectors .after_vectors.*)
 .after_vectors
                0x0800010c      0x114 ./system/src/newlib/_startup.o
                0x0800010c                _start
 .after_vectors
                0x08000220      0x12c ./system/src/cortexm/exception_handlers.o
                0x08000220                Reset_Handler
                0x08000226                NMI_Handler
                0x0800022a                HardFault_Handler
                0x0800023e                HardFault_Handler_C
                0x0800029c                MemManage_Handler
                0x080002a0                BusFault_Handler
                0x080002b4                BusFault_Handler_C
                0x080002e8                UsageFault_Handler
                0x080002fc                UsageFault_Handler_C
                0x08000330                SVC_Handler
                0x08000334                DebugMon_Handler
                0x08000338                PendSV_Handler
 .after_vectors
                0x0800034c        0x4 ./system/src/cmsis/vectors_stm32f10x.o
                0x0800034c                TIM8_TRG_COM_IRQHandler
                0x0800034c                TIM8_CC_IRQHandler
                0x0800034c                TIM1_CC_IRQHandler
                0x0800034c                TIM6_IRQHandler
                0x0800034c                PVD_IRQHandler
                0x0800034c                SDIO_IRQHandler
                0x0800034c                CAN2_RX1_IRQHandler
                0x0800034c                TIM8_TRG_COM_TIM14_IRQHandler
                0x0800034c                TIM1_UP_TIM10_IRQHandler
                0x0800034c                TIM8_UP_TIM13_IRQHandler
                0x0800034c                I2C2_EV_IRQHandler
                0x0800034c                CAN1_RX0_IRQHandler
                0x0800034c                TIM1_UP_TIM16_IRQHandler
                0x0800034c                CAN2_SCE_IRQHandler
                0x0800034c                ADC1_2_IRQHandler
                0x0800034c                SPI1_IRQHandler
                0x0800034c                TAMPER_IRQHandler
                0x0800034c                TIM6_DAC_IRQHandler
                0x0800034c                TIM1_BRK_TIM9_IRQHandler
                0x0800034c                CAN2_RX0_IRQHandler
                0x0800034c                TIM8_UP_IRQHandler
                0x0800034c                DMA2_Channel2_IRQHandler
                0x0800034c                DMA1_Channel4_IRQHandler
                0x0800034c                USART3_IRQHandler
                0x0800034c                RTC_IRQHandler
                0x0800034c                DMA1_Channel7_IRQHandler
                0x0800034c                CAN1_RX1_IRQHandler
                0x0800034c                UART5_IRQHandler
                0x0800034c                ADC3_IRQHandler
                0x0800034c                TIM4_IRQHandler
                0x0800034c                DMA2_Channel1_IRQHandler
                0x0800034c                I2C1_EV_IRQHandler
                0x0800034c                DMA1_Channel6_IRQHandler
                0x0800034c                UART4_IRQHandler
                0x0800034c                DMA2_Channel4_IRQHandler
                0x0800034c                TIM3_IRQHandler
                0x0800034c                RCC_IRQHandler
                0x0800034c                TIM8_BRK_TIM12_IRQHandler
                0x0800034c                TIM1_TRG_COM_IRQHandler
                0x0800034c                DMA1_Channel1_IRQHandler
                0x0800034c                Default_Handler
                0x0800034c                CEC_IRQHandler
                0x0800034c                EXTI15_10_IRQHandler
                0x0800034c                TIM14_IRQHandler
                0x0800034c                TIM13_IRQHandler
                0x0800034c                TIM12_IRQHandler
                0x0800034c                TIM7_IRQHandler
                0x0800034c                CAN2_TX_IRQHandler
                0x0800034c                TIM5_IRQHandler
                0x0800034c                EXTI9_5_IRQHandler
                0x0800034c                ETH_WKUP_IRQHandler
                0x0800034c                SPI2_IRQHandler
                0x0800034c                CAN1_TX_IRQHandler
                0x0800034c                DMA2_Channel5_IRQHandler
                0x0800034c                DMA1_Channel5_IRQHandler
                0x0800034c                USB_LP_CAN1_RX0_IRQHandler
                0x0800034c                TIM1_TRG_COM_TIM17_IRQHandler
                0x0800034c                USB_HP_CAN1_TX_IRQHandler
                0x0800034c                DMA1_Channel3_IRQHandler
                0x0800034c                FSMC_IRQHandler
                0x0800034c                ETH_IRQHandler
                0x0800034c                TIM1_UP_IRQHandler
                0x0800034c                WWDG_IRQHandler
                0x0800034c                TIM2_IRQHandler
                0x0800034c                OTG_FS_WKUP_IRQHandler
                0x0800034c                TIM1_TRG_COM_TIM11_IRQHandler
                0x0800034c                TIM1_BRK_IRQHandler
                0x0800034c                RTCAlarm_IRQHandler
                0x0800034c                DMA2_Channel4_5_IRQHandler
                0x0800034c                USART2_IRQHandler
                0x0800034c                I2C2_ER_IRQHandler
                0x0800034c                DMA1_Channel2_IRQHandler
                0x0800034c                TIM8_BRK_IRQHandler
                0x0800034c                CAN1_SCE_IRQHandler
                0x0800034c                FLASH_IRQHandler
                0x0800034c                USART1_IRQHandler
                0x0800034c                OTG_FS_IRQHandler
                0x0800034c                SPI3_IRQHandler
                0x0800034c                I2C1_ER_IRQHandler
                0x0800034c                USBWakeUp_IRQHandler
                0x0800034c                DMA2_Channel3_IRQHandler
                0x0800034c                TIM1_BRK_TIM15_IRQHandler

.inits          0x08000350       0x28
                0x08000350                __data_regions_array_start = .
                0x08000350        0x4 LONG 0x800182c LOADADDR (.data)
                0x08000354        0x4 LONG 0x20000000 ADDR (.data)
                0x08000358        0x4 LONG 0x20000088 (ADDR (.data) + SIZEOF (.data))
                0x0800035c        0x4 LONG 0x800182c LOADADDR (.data_CCMRAM)
                0x08000360        0x4 LONG 0x0 ADDR (.data_CCMRAM)
                0x08000364        0x4 LONG 0x0 (ADDR (.data_CCMRAM) + SIZEOF (.data_CCMRAM))
                0x08000368                __data_regions_array_end = .
                0x08000368                __bss_regions_array_start = .
                0x08000368        0x4 LONG 0x20000088 ADDR (.bss)
                0x0800036c        0x4 LONG 0x20000188 (ADDR (.bss) + SIZEOF (.bss))
                0x08000370        0x4 LONG 0x0 ADDR (.bss_CCMRAM)
                0x08000374        0x4 LONG 0x0 (ADDR (.bss_CCMRAM) + SIZEOF (.bss_CCMRAM))
                0x08000378                __bss_regions_array_end = .
 *(.init)
 *(.fini)
                0x08000378                . = ALIGN (0x4)
                0x08000378                PROVIDE (__preinit_array_start = .)
 *(.preinit_array_sysinit .preinit_array_sysinit.*)
 *(.preinit_array_platform .preinit_array_platform.*)
 *(.preinit_array .preinit_array.*)
                0x08000378                PROVIDE (__preinit_array_end = .)
                0x08000378                . = ALIGN (0x4)
                0x08000378                PROVIDE (__init_array_start = .)
 *(SORT_BY_NAME(.init_array.*))
 *(.init_array)
                0x08000378                PROVIDE (__init_array_end = .)
                0x08000378                . = ALIGN (0x4)
                0x08000378                PROVIDE (__fini_array_start = .)
 *(SORT_BY_NAME(.fini_array.*))
 *(.fini_array)
                0x08000378                PROVIDE (__fini_array_end = .)

.flashtext
 *(.flashtext .flashtext.*)

.text           0x08000378     0x14b3
 *(.text .text.*)
 .text._exit    0x08000378        0x2 ./system/src/newlib/_exit.o
                0x08000378                _exit
 *fill*         0x0800037a        0x2 
 .text._sbrk    0x0800037c       0x44 ./system/src/newlib/_sbrk.o
                0x0800037c                _sbrk
 .text.__initialize_args
                0x080003c0       0x10 ./system/src/newlib/_syscalls.o
                0x080003c0                __initialize_args
 .text.trace_printf
                0x080003d0       0x34 ./system/src/diag/Trace.o
                0x080003d0                trace_printf
 .text._trace_write_semihosting_debug
                0x08000404       0x60 ./system/src/diag/trace_impl.o
 .text.trace_write
                0x08000464        0x8 ./system/src/diag/trace_impl.o
                0x08000464                trace_write
 .text.__initialize_hardware_early
                0x0800046c       0x18 ./system/src/cortexm/_initialize_hardware.o
                0x0800046c                __initialize_hardware_early
 .text.__initialize_hardware
                0x08000484        0x8 ./system/src/cortexm/_initialize_hardware.o
                0x08000484                __initialize_hardware
 .text.dumpExceptionStack
                0x0800048c       0xf4 ./system/src/cortexm/exception_handlers.o
                0x0800048c                dumpExceptionStack
 .text.isSemihosting
                0x08000580       0x20 ./system/src/cortexm/exception_handlers.o
                0x08000580                isSemihosting
 .text.SetSysClockTo72
                0x080005a0       0xc4 ./system/src/cmsis/system_stm32f10x.o
 .text.SetSysClock
                0x08000664        0x8 ./system/src/cmsis/system_stm32f10x.o
 .text.SystemInit
                0x0800066c       0x50 ./system/src/cmsis/system_stm32f10x.o
                0x0800066c                SystemInit
 .text.SystemCoreClockUpdate
                0x080006bc       0x94 ./system/src/cmsis/system_stm32f10x.o
                0x080006bc                SystemCoreClockUpdate
 .text.MAFIO_voidEnableEXTI
                0x08000750      0x138 ./src/AFIO_program.o
                0x08000750                MAFIO_voidEnableEXTI
 .text.MEXTI_voidInit
                0x08000888       0xc8 ./src/EXTI_program.o
                0x08000888                MEXTI_voidInit
 .text.EXTI_SetCallBack
                0x08000950       0x98 ./src/EXTI_program.o
                0x08000950                EXTI_SetCallBack
 .text.EXTI0_IRQHandler
                0x080009e8       0x1c ./src/EXTI_program.o
                0x080009e8                EXTI0_IRQHandler
 .text.EXTI1_IRQHandler
                0x08000a04       0x1c ./src/EXTI_program.o
                0x08000a04                EXTI1_IRQHandler
 .text.EXTI2_IRQHandler
                0x08000a20       0x1c ./src/EXTI_program.o
                0x08000a20                EXTI2_IRQHandler
 .text.EXTI3_IRQHandler
                0x08000a3c       0x1c ./src/EXTI_program.o
                0x08000a3c                EXTI3_IRQHandler
 .text.EXTI4_IRQHandler
                0x08000a58       0x1c ./src/EXTI_program.o
                0x08000a58                EXTI4_IRQHandler
 .text.GPIO_voidSetPinDir
                0x08000a74       0xf0 ./src/GPIO_program.o
                0x08000a74                GPIO_voidSetPinDir
 .text.GPIO_voidSetPinValue
                0x08000b64       0x94 ./src/GPIO_program.o
                0x08000b64                GPIO_voidSetPinValue
 .text.GPIO_u8TogglePin
                0x08000bf8       0x4c ./src/GPIO_program.o
                0x08000bf8                GPIO_u8TogglePin
 .text.MNVIC_voidEnableInterrupt
                0x08000c44       0x2c ./src/NVIC_program.o
                0x08000c44                MNVIC_voidEnableInterrupt
 .text.RCC_voidInitSysClock
                0x08000c70       0x14 ./src/RCC_program.o
                0x08000c70                RCC_voidInitSysClock
 .text.RCC_voidEnableClock
                0x08000c84       0x50 ./src/RCC_program.o
                0x08000c84                RCC_voidEnableClock
 .text.MSTK_voidInit
                0x08000cd4       0x10 ./src/STK_program.o
                0x08000cd4                MSTK_voidInit
 .text.SysTick_Handler
                0x08000ce4       0x48 ./src/STK_program.o
                0x08000ce4                SysTick_Handler
 .text.Tog_FALLING_EDGE
                0x08000d2c        0xc ./src/main.o
                0x08000d2c                Tog_FALLING_EDGE
 .text.Tog_RISING_EDGE
                0x08000d38        0xc ./src/main.o
                0x08000d38                Tog_RISING_EDGE
 .text.Tog_ON_CHANGE
                0x08000d44        0xc ./src/main.o
                0x08000d44                Tog_ON_CHANGE
 .text.main     0x08000d50       0xd0 ./src/main.o
                0x08000d50                main
 .text.__errno  0x08000e20        0xc c:/program files (x86)/gnu tools arm embedded/8 2019-q3-update/bin/../lib/gcc/arm-none-eabi/8.3.1/../../../../arm-none-eabi/lib/thumb/v7-m/nofp\libg_nano.a(lib_a-errno.o)
                0x08000e20                __errno
 .text._vsnprintf_r
                0x08000e2c       0x58 c:/program files (x86)/gnu tools arm embedded/8 2019-q3-update/bin/../lib/gcc/arm-none-eabi/8.3.1/../../../../arm-none-eabi/lib/thumb/v7-m/nofp\libg_nano.a(lib_a-vsnprintf.o)
                0x08000e2c                _vsniprintf_r
                0x08000e2c                _vsnprintf_r
 .text.vsnprintf
                0x08000e84       0x1c c:/program files (x86)/gnu tools arm embedded/8 2019-q3-update/bin/../lib/gcc/arm-none-eabi/8.3.1/../../../../arm-none-eabi/lib/thumb/v7-m/nofp\libg_nano.a(lib_a-vsnprintf.o)
                0x08000e84                vsniprintf
                0x08000e84                vsnprintf
 .text.__ssputs_r
                0x08000ea0       0xb6 c:/program files (x86)/gnu tools arm embedded/8 2019-q3-update/bin/../lib/gcc/arm-none-eabi/8.3.1/../../../../arm-none-eabi/lib/thumb/v7-m/nofp\libg_nano.a(lib_a-nano-svfprintf.o)
                0x08000ea0                __ssputs_r
 *fill*         0x08000f56        0x2 
 .text._svfprintf_r
                0x08000f58      0x1f0 c:/program files (x86)/gnu tools arm embedded/8 2019-q3-update/bin/../lib/gcc/arm-none-eabi/8.3.1/../../../../arm-none-eabi/lib/thumb/v7-m/nofp\libg_nano.a(lib_a-nano-svfprintf.o)
                0x08000f58                _svfiprintf_r
                0x08000f58                _svfprintf_r
 .text._printf_common
                0x08001148       0xec c:/program files (x86)/gnu tools arm embedded/8 2019-q3-update/bin/../lib/gcc/arm-none-eabi/8.3.1/../../../../arm-none-eabi/lib/thumb/v7-m/nofp\libg_nano.a(lib_a-nano-vfprintf_i.o)
                0x08001148                _printf_common
 .text._printf_i
                0x08001234      0x22c c:/program files (x86)/gnu tools arm embedded/8 2019-q3-update/bin/../lib/gcc/arm-none-eabi/8.3.1/../../../../arm-none-eabi/lib/thumb/v7-m/nofp\libg_nano.a(lib_a-nano-vfprintf_i.o)
                0x08001234                _printf_i
 .text.memchr   0x08001460       0x1c c:/program files (x86)/gnu tools arm embedded/8 2019-q3-update/bin/../lib/gcc/arm-none-eabi/8.3.1/../../../../arm-none-eabi/lib/thumb/v7-m/nofp\libg_nano.a(lib_a-memchr-stub.o)
                0x08001460                memchr
 .text.memcpy   0x0800147c       0x1c c:/program files (x86)/gnu tools arm embedded/8 2019-q3-update/bin/../lib/gcc/arm-none-eabi/8.3.1/../../../../arm-none-eabi/lib/thumb/v7-m/nofp\libg_nano.a(lib_a-memcpy-stub.o)
                0x0800147c                memcpy
 .text.memmove  0x08001498       0x34 c:/program files (x86)/gnu tools arm embedded/8 2019-q3-update/bin/../lib/gcc/arm-none-eabi/8.3.1/../../../../arm-none-eabi/lib/thumb/v7-m/nofp\libg_nano.a(lib_a-memmove.o)
                0x08001498                memmove
 .text._free_r  0x080014cc       0x98 c:/program files (x86)/gnu tools arm embedded/8 2019-q3-update/bin/../lib/gcc/arm-none-eabi/8.3.1/../../../../arm-none-eabi/lib/thumb/v7-m/nofp\libg_nano.a(lib_a-nano-freer.o)
                0x080014cc                _free_r
 .text._malloc_r
                0x08001564       0xb4 c:/program files (x86)/gnu tools arm embedded/8 2019-q3-update/bin/../lib/gcc/arm-none-eabi/8.3.1/../../../../arm-none-eabi/lib/thumb/v7-m/nofp\libg_nano.a(lib_a-nano-mallocr.o)
                0x08001564                _malloc_r
 .text._realloc_r
                0x08001618       0x4c c:/program files (x86)/gnu tools arm embedded/8 2019-q3-update/bin/../lib/gcc/arm-none-eabi/8.3.1/../../../../arm-none-eabi/lib/thumb/v7-m/nofp\libg_nano.a(lib_a-nano-reallocr.o)
                0x08001618                _realloc_r
 .text._sbrk_r  0x08001664       0x20 c:/program files (x86)/gnu tools arm embedded/8 2019-q3-update/bin/../lib/gcc/arm-none-eabi/8.3.1/../../../../arm-none-eabi/lib/thumb/v7-m/nofp\libg_nano.a(lib_a-sbrkr.o)
                0x08001664                _sbrk_r
 .text.__malloc_lock
                0x08001684        0xc c:/program files (x86)/gnu tools arm embedded/8 2019-q3-update/bin/../lib/gcc/arm-none-eabi/8.3.1/../../../../arm-none-eabi/lib/thumb/v7-m/nofp\libg_nano.a(lib_a-mlock.o)
                0x08001684                __malloc_lock
 .text.__malloc_unlock
                0x08001690        0xc c:/program files (x86)/gnu tools arm embedded/8 2019-q3-update/bin/../lib/gcc/arm-none-eabi/8.3.1/../../../../arm-none-eabi/lib/thumb/v7-m/nofp\libg_nano.a(lib_a-mlock.o)
                0x08001690                __malloc_unlock
 .text._malloc_usable_size_r
                0x0800169c       0x10 c:/program files (x86)/gnu tools arm embedded/8 2019-q3-update/bin/../lib/gcc/arm-none-eabi/8.3.1/../../../../arm-none-eabi/lib/thumb/v7-m/nofp\libg_nano.a(lib_a-nano-msizer.o)
                0x0800169c                _malloc_usable_size_r
 .text.__retarget_lock_acquire_recursive
                0x080016ac        0x2 c:/program files (x86)/gnu tools arm embedded/8 2019-q3-update/bin/../lib/gcc/arm-none-eabi/8.3.1/../../../../arm-none-eabi/lib/thumb/v7-m/nofp\libg_nano.a(lib_a-lock.o)
                0x080016ac                __retarget_lock_acquire_recursive
 .text.__retarget_lock_release_recursive
                0x080016ae        0x2 c:/program files (x86)/gnu tools arm embedded/8 2019-q3-update/bin/../lib/gcc/arm-none-eabi/8.3.1/../../../../arm-none-eabi/lib/thumb/v7-m/nofp\libg_nano.a(lib_a-lock.o)
                0x080016ae                __retarget_lock_release_recursive
 *(.rodata .rodata.* .constdata .constdata.*)
 .rodata.dumpExceptionStack.str1.4
                0x080016b0      0x11a ./system/src/cortexm/exception_handlers.o
 *fill*         0x080017ca        0x2 
 .rodata.str1.4
                0x080017cc       0x2c ./system/src/cortexm/exception_handlers.o
                                 0x2a (size before relaxing)
 .rodata._svfprintf_r.str1.1
                0x080017f8       0x11 c:/program files (x86)/gnu tools arm embedded/8 2019-q3-update/bin/../lib/gcc/arm-none-eabi/8.3.1/../../../../arm-none-eabi/lib/thumb/v7-m/nofp\libg_nano.a(lib_a-nano-svfprintf.o)
 .rodata._printf_i.str1.1
                0x08001809       0x22 c:/program files (x86)/gnu tools arm embedded/8 2019-q3-update/bin/../lib/gcc/arm-none-eabi/8.3.1/../../../../arm-none-eabi/lib/thumb/v7-m/nofp\libg_nano.a(lib_a-nano-vfprintf_i.o)
 *(vtable)
 *(.eh_frame*)
 *(.glue_7)
 .glue_7        0x0800182b        0x0 linker stubs
 *(.glue_7t)
 .glue_7t       0x0800182b        0x0 linker stubs

.vfp11_veneer   0x0800182c        0x0
 .vfp11_veneer  0x0800182c        0x0 linker stubs

.v4_bx          0x0800182c        0x0
 .v4_bx         0x0800182c        0x0 linker stubs

.iplt           0x0800182c        0x0
 .iplt          0x0800182c        0x0 ./system/src/newlib/_exit.o

.rel.dyn        0x0800182c        0x0
 .rel.iplt      0x0800182c        0x0 ./system/src/newlib/_exit.o

.ARM.extab
 *(.ARM.extab* .gnu.linkonce.armextab.*)
                0x0800182c                . = ALIGN (0x4)
                0x0800182c                __exidx_start = .

.ARM.exidx
 *(.ARM.exidx* .gnu.linkonce.armexidx.*)
                0x0800182c                __exidx_end = .
                0x0800182c                . = ALIGN (0x4)
                0x0800182c                _etext = .
                0x0800182c                __etext = .

.data_CCMRAM    0x00000000        0x0 load address 0x0800182c
 FILL mask 0xff
 *(.data.CCMRAM .data.CCMRAM.*)
                0x00000000                . = ALIGN (0x4)
                0x0800182c                _sidata = LOADADDR (.data)

.data           0x20000000       0x88 load address 0x0800182c
 FILL mask 0xff
                0x20000000                _sdata = .
                0x20000000                __data_start__ = .
 *(.data_begin .data_begin.*)
 .data_begin    0x20000000        0x4 ./system/src/newlib/_startup.o
 *(.data .data.*)
 .data.argv.4375
                0x20000004        0x8 ./system/src/newlib/_syscalls.o
 .data.AHBPrescTable
                0x2000000c       0x10 ./system/src/cmsis/system_stm32f10x.o
                0x2000000c                AHBPrescTable
 .data.SystemCoreClock
                0x2000001c        0x4 ./system/src/cmsis/system_stm32f10x.o
                0x2000001c                SystemCoreClock
 .data._impure_ptr
                0x20000020        0x4 c:/program files (x86)/gnu tools arm embedded/8 2019-q3-update/bin/../lib/gcc/arm-none-eabi/8.3.1/../../../../arm-none-eabi/lib/thumb/v7-m/nofp\libg_nano.a(lib_a-impure.o)
                0x20000020                _impure_ptr
 .data.impure_data
                0x20000024       0x60 c:/program files (x86)/gnu tools arm embedded/8 2019-q3-update/bin/../lib/gcc/arm-none-eabi/8.3.1/../../../../arm-none-eabi/lib/thumb/v7-m/nofp\libg_nano.a(lib_a-impure.o)
 *(.data_end .data_end.*)
 .data_end      0x20000084        0x4 ./system/src/newlib/_startup.o
                0x20000088                . = ALIGN (0x4)
                0x20000088                _edata = .
                0x20000088                __data_end__ = .

.igot.plt       0x20000088        0x0 load address 0x080018b4
 .igot.plt      0x20000088        0x0 ./system/src/newlib/_exit.o

.bss_CCMRAM     0x00000000        0x0
 *(.bss.CCMRAM .bss.CCMRAM.*)

.bss            0x20000088      0x100
                0x20000088                __bss_start__ = .
                0x20000088                _sbss = .
 *(.bss_begin .bss_begin.*)
 .bss_begin     0x20000088        0x4 ./system/src/newlib/_startup.o
 *(.bss .bss.*)
 .bss.current_heap_end.4005
                0x2000008c        0x4 ./system/src/newlib/_sbrk.o
 .bss.name.4374
                0x20000090        0x1 ./system/src/newlib/_syscalls.o
 *fill*         0x20000091        0x3 
 .bss.buf.5249  0x20000094       0x80 ./system/src/diag/Trace.o
 .bss.GS_IntervalMode
                0x20000114        0x1 ./src/STK_program.o
 *fill*         0x20000115        0x3 
 .bss.__malloc_free_list
                0x20000118        0x4 c:/program files (x86)/gnu tools arm embedded/8 2019-q3-update/bin/../lib/gcc/arm-none-eabi/8.3.1/../../../../arm-none-eabi/lib/thumb/v7-m/nofp\libg_nano.a(lib_a-nano-mallocr.o)
                0x20000118                __malloc_free_list
 .bss.__malloc_sbrk_start
                0x2000011c        0x4 c:/program files (x86)/gnu tools arm embedded/8 2019-q3-update/bin/../lib/gcc/arm-none-eabi/8.3.1/../../../../arm-none-eabi/lib/thumb/v7-m/nofp\libg_nano.a(lib_a-nano-mallocr.o)
                0x2000011c                __malloc_sbrk_start
 *(COMMON)
 COMMON         0x20000120        0x4 ./system/src/newlib/_syscalls.o
                0x20000120                errno
 COMMON         0x20000124       0x50 ./src/EXTI_program.o
                0x20000124                EXTI_CallBack
 COMMON         0x20000174        0x4 ./src/STK_program.o
                0x20000174                MSTK_CallBack
 COMMON         0x20000178        0x9 c:/program files (x86)/gnu tools arm embedded/8 2019-q3-update/bin/../lib/gcc/arm-none-eabi/8.3.1/../../../../arm-none-eabi/lib/thumb/v7-m/nofp\libg_nano.a(lib_a-lock.o)
                0x20000178                __lock___atexit_recursive_mutex
                0x20000179                __lock___arc4random_mutex
                0x2000017a                __lock___env_recursive_mutex
                0x2000017b                __lock___sinit_recursive_mutex
                0x2000017c                __lock___malloc_recursive_mutex
                0x2000017d                __lock___at_quick_exit_mutex
                0x2000017e                __lock___dd_hash_mutex
                0x2000017f                __lock___tz_mutex
                0x20000180                __lock___sfp_recursive_mutex
 *(.bss_end .bss_end.*)
 *fill*         0x20000181        0x3 
 .bss_end       0x20000184        0x4 ./system/src/newlib/_startup.o
                0x20000188                . = ALIGN (0x4)
                0x20000188                __bss_end__ = .
                0x20000188                _ebss = .

.noinit_CCMRAM
 *(.noinit.CCMRAM .noinit.CCMRAM.*)

.noinit         0x20000188        0x0
                0x20000188                _noinit = .
 *(.noinit .noinit.*)
                0x20000188                . = ALIGN (0x4)
                0x20000188                _end_noinit = .
                [!provide]                PROVIDE (end = _end_noinit)
                [!provide]                PROVIDE (_end = _end_noinit)
                [!provide]                PROVIDE (__end = _end_noinit)
                [!provide]                PROVIDE (__end__ = _end_noinit)

._check_stack   0x20000188      0x100
                0x20000288                . = (. + _Minimum_Stack_Size)
 *fill*         0x20000188      0x100 

.b1text
 *(.b1text)
 *(.b1rodata)
 *(.b1rodata.*)

.eb0text
 *(.eb0text)
 *(.eb0rodata)
 *(.eb0rodata.*)

.eb1text
 *(.eb1text)
 *(.eb1rodata)
 *(.eb1rodata.*)

.eb2text
 *(.eb2text)
 *(.eb2rodata)
 *(.eb2rodata.*)

.eb3text
 *(.eb3text)
 *(.eb3rodata)
 *(.eb3rodata.*)

.stab
 *(.stab)

.stabstr
 *(.stabstr)

.stab.excl
 *(.stab.excl)

.stab.exclstr
 *(.stab.exclstr)

.stab.index
 *(.stab.index)

.stab.indexstr
 *(.stab.indexstr)

.comment        0x00000000       0x76
 *(.comment)
 .comment       0x00000000       0x76 ./system/src/newlib/_exit.o
                                 0x77 (size before relaxing)
 .comment       0x00000076       0x77 ./system/src/newlib/_sbrk.o
 .comment       0x00000076       0x77 ./system/src/newlib/_startup.o
 .comment       0x00000076       0x77 ./system/src/newlib/_syscalls.o
 .comment       0x00000076       0x77 ./system/src/diag/Trace.o
 .comment       0x00000076       0x77 ./system/src/diag/trace_impl.o
 .comment       0x00000076       0x77 ./system/src/cortexm/_initialize_hardware.o
 .comment       0x00000076       0x77 ./system/src/cortexm/exception_handlers.o
 .comment       0x00000076       0x77 ./system/src/cmsis/system_stm32f10x.o
 .comment       0x00000076       0x77 ./system/src/cmsis/vectors_stm32f10x.o
 .comment       0x00000076       0x77 ./src/AFIO_program.o
 .comment       0x00000076       0x77 ./src/EXTI_program.o
 .comment       0x00000076       0x77 ./src/GPIO_program.o
 .comment       0x00000076       0x77 ./src/NVIC_program.o
 .comment       0x00000076       0x77 ./src/RCC_program.o
 .comment       0x00000076       0x77 ./src/STK_program.o
 .comment       0x00000076       0x77 ./src/main.o

.ARM.attributes
                0x00000000       0x2b
 .ARM.attributes
                0x00000000       0x2d ./system/src/newlib/_exit.o
 .ARM.attributes
                0x0000002d       0x2d ./system/src/newlib/_sbrk.o
 .ARM.attributes
                0x0000005a       0x2d ./system/src/newlib/_startup.o
 .ARM.attributes
                0x00000087       0x2d ./system/src/newlib/_syscalls.o
 .ARM.attributes
                0x000000b4       0x2d ./system/src/diag/Trace.o
 .ARM.attributes
                0x000000e1       0x2d ./system/src/diag/trace_impl.o
 .ARM.attributes
                0x0000010e       0x2d ./system/src/cortexm/_initialize_hardware.o
 .ARM.attributes
                0x0000013b       0x2d ./system/src/cortexm/exception_handlers.o
 .ARM.attributes
                0x00000168       0x2d ./system/src/cmsis/system_stm32f10x.o
 .ARM.attributes
                0x00000195       0x2d ./system/src/cmsis/vectors_stm32f10x.o
 .ARM.attributes
                0x000001c2       0x2d ./src/AFIO_program.o
 .ARM.attributes
                0x000001ef       0x2d ./src/EXTI_program.o
 .ARM.attributes
                0x0000021c       0x2d ./src/GPIO_program.o
 .ARM.attributes
                0x00000249       0x2d ./src/NVIC_program.o
 .ARM.attributes
                0x00000276       0x2d ./src/RCC_program.o
 .ARM.attributes
                0x000002a3       0x2d ./src/STK_program.o
 .ARM.attributes
                0x000002d0       0x2d ./src/main.o
 .ARM.attributes
                0x000002fd       0x2d c:/program files (x86)/gnu tools arm embedded/8 2019-q3-update/bin/../lib/gcc/arm-none-eabi/8.3.1/../../../../arm-none-eabi/lib/thumb/v7-m/nofp\libg_nano.a(lib_a-errno.o)
 .ARM.attributes
                0x0000032a       0x2d c:/program files (x86)/gnu tools arm embedded/8 2019-q3-update/bin/../lib/gcc/arm-none-eabi/8.3.1/../../../../arm-none-eabi/lib/thumb/v7-m/nofp\libg_nano.a(lib_a-impure.o)
 .ARM.attributes
                0x00000357       0x2d c:/program files (x86)/gnu tools arm embedded/8 2019-q3-update/bin/../lib/gcc/arm-none-eabi/8.3.1/../../../../arm-none-eabi/lib/thumb/v7-m/nofp\libg_nano.a(lib_a-vsnprintf.o)
 .ARM.attributes
                0x00000384       0x2d c:/program files (x86)/gnu tools arm embedded/8 2019-q3-update/bin/../lib/gcc/arm-none-eabi/8.3.1/../../../../arm-none-eabi/lib/thumb/v7-m/nofp\libg_nano.a(lib_a-nano-svfprintf.o)
 .ARM.attributes
                0x000003b1       0x2d c:/program files (x86)/gnu tools arm embedded/8 2019-q3-update/bin/../lib/gcc/arm-none-eabi/8.3.1/../../../../arm-none-eabi/lib/thumb/v7-m/nofp\libg_nano.a(lib_a-nano-vfprintf_i.o)
 .ARM.attributes
                0x000003de       0x2d c:/program files (x86)/gnu tools arm embedded/8 2019-q3-update/bin/../lib/gcc/arm-none-eabi/8.3.1/../../../../arm-none-eabi/lib/thumb/v7-m/nofp\libg_nano.a(lib_a-memchr-stub.o)
 .ARM.attributes
                0x0000040b       0x2d c:/program files (x86)/gnu tools arm embedded/8 2019-q3-update/bin/../lib/gcc/arm-none-eabi/8.3.1/../../../../arm-none-eabi/lib/thumb/v7-m/nofp\libg_nano.a(lib_a-memcpy-stub.o)
 .ARM.attributes
                0x00000438       0x2d c:/program files (x86)/gnu tools arm embedded/8 2019-q3-update/bin/../lib/gcc/arm-none-eabi/8.3.1/../../../../arm-none-eabi/lib/thumb/v7-m/nofp\libg_nano.a(lib_a-memmove.o)
 .ARM.attributes
                0x00000465       0x2d c:/program files (x86)/gnu tools arm embedded/8 2019-q3-update/bin/../lib/gcc/arm-none-eabi/8.3.1/../../../../arm-none-eabi/lib/thumb/v7-m/nofp\libg_nano.a(lib_a-nano-freer.o)
 .ARM.attributes
                0x00000492       0x2d c:/program files (x86)/gnu tools arm embedded/8 2019-q3-update/bin/../lib/gcc/arm-none-eabi/8.3.1/../../../../arm-none-eabi/lib/thumb/v7-m/nofp\libg_nano.a(lib_a-nano-mallocr.o)
 .ARM.attributes
                0x000004bf       0x2d c:/program files (x86)/gnu tools arm embedded/8 2019-q3-update/bin/../lib/gcc/arm-none-eabi/8.3.1/../../../../arm-none-eabi/lib/thumb/v7-m/nofp\libg_nano.a(lib_a-nano-reallocr.o)
 .ARM.attributes
                0x000004ec       0x2d c:/program files (x86)/gnu tools arm embedded/8 2019-q3-update/bin/../lib/gcc/arm-none-eabi/8.3.1/../../../../arm-none-eabi/lib/thumb/v7-m/nofp\libg_nano.a(lib_a-sbrkr.o)
 .ARM.attributes
                0x00000519       0x2d c:/program files (x86)/gnu tools arm embedded/8 2019-q3-update/bin/../lib/gcc/arm-none-eabi/8.3.1/../../../../arm-none-eabi/lib/thumb/v7-m/nofp\libg_nano.a(lib_a-mlock.o)
 .ARM.attributes
                0x00000546       0x2d c:/program files (x86)/gnu tools arm embedded/8 2019-q3-update/bin/../lib/gcc/arm-none-eabi/8.3.1/../../../../arm-none-eabi/lib/thumb/v7-m/nofp\libg_nano.a(lib_a-nano-msizer.o)
 .ARM.attributes
                0x00000573       0x2d c:/program files (x86)/gnu tools arm embedded/8 2019-q3-update/bin/../lib/gcc/arm-none-eabi/8.3.1/../../../../arm-none-eabi/lib/thumb/v7-m/nofp\libg_nano.a(lib_a-lock.o)

.debug
 *(.debug)

.line
 *(.line)

.debug_srcinfo
 *(.debug_srcinfo)

.debug_sfnames
 *(.debug_sfnames)

.debug_aranges  0x00000000      0x488
 *(.debug_aranges)
 .debug_aranges
                0x00000000       0x28 ./system/src/newlib/_exit.o
 .debug_aranges
                0x00000028       0x20 ./system/src/newlib/_sbrk.o
 .debug_aranges
                0x00000048       0x40 ./system/src/newlib/_startup.o
 .debug_aranges
                0x00000088       0x30 ./system/src/newlib/_syscalls.o
 .debug_aranges
                0x000000b8       0x38 ./system/src/diag/Trace.o
 .debug_aranges
                0x000000f0       0x30 ./system/src/diag/trace_impl.o
 .debug_aranges
                0x00000120       0x28 ./system/src/cortexm/_initialize_hardware.o
 .debug_aranges
                0x00000148       0x90 ./system/src/cortexm/exception_handlers.o
 .debug_aranges
                0x000001d8       0x38 ./system/src/cmsis/system_stm32f10x.o
 .debug_aranges
                0x00000210       0x20 ./system/src/cmsis/vectors_stm32f10x.o
 .debug_aranges
                0x00000230       0x28 ./src/AFIO_program.o
 .debug_aranges
                0x00000258       0xe8 ./src/EXTI_program.o
 .debug_aranges
                0x00000340       0x38 ./src/GPIO_program.o
 .debug_aranges
                0x00000378       0x50 ./src/NVIC_program.o
 .debug_aranges
                0x000003c8       0x30 ./src/RCC_program.o
 .debug_aranges
                0x000003f8       0x58 ./src/STK_program.o
 .debug_aranges
                0x00000450       0x38 ./src/main.o

.debug_pubnames
 *(.debug_pubnames)

.debug_info     0x00000000     0x5de4
 *(.debug_info .gnu.linkonce.wi.*)
 .debug_info    0x00000000      0x9e7 ./system/src/newlib/_exit.o
 .debug_info    0x000009e7      0x9d4 ./system/src/newlib/_sbrk.o
 .debug_info    0x000013bb      0x4ce ./system/src/newlib/_startup.o
 .debug_info    0x00001889      0xab9 ./system/src/newlib/_syscalls.o
 .debug_info    0x00002342      0xbdb ./system/src/diag/Trace.o
 .debug_info    0x00002f1d      0x3be ./system/src/diag/trace_impl.o
 .debug_info    0x000032db      0x2d6 ./system/src/cortexm/_initialize_hardware.o
 .debug_info    0x000035b1     0x127b ./system/src/cortexm/exception_handlers.o
 .debug_info    0x0000482c      0x4e0 ./system/src/cmsis/system_stm32f10x.o
 .debug_info    0x00004d0c       0xce ./system/src/cmsis/vectors_stm32f10x.o
 .debug_info    0x00004dda      0x179 ./src/AFIO_program.o
 .debug_info    0x00004f53      0x437 ./src/EXTI_program.o
 .debug_info    0x0000538a      0x17d ./src/GPIO_program.o
 .debug_info    0x00005507      0x1c2 ./src/NVIC_program.o
 .debug_info    0x000056c9       0xe1 ./src/RCC_program.o
 .debug_info    0x000057aa      0x1d7 ./src/STK_program.o
 .debug_info    0x00005981      0x463 ./src/main.o

.debug_abbrev   0x00000000     0x1a4f
 *(.debug_abbrev)
 .debug_abbrev  0x00000000      0x222 ./system/src/newlib/_exit.o
 .debug_abbrev  0x00000222      0x232 ./system/src/newlib/_sbrk.o
 .debug_abbrev  0x00000454      0x1d7 ./system/src/newlib/_startup.o
 .debug_abbrev  0x0000062b      0x26d ./system/src/newlib/_syscalls.o
 .debug_abbrev  0x00000898      0x2c6 ./system/src/diag/Trace.o
 .debug_abbrev  0x00000b5e      0x221 ./system/src/diag/trace_impl.o
 .debug_abbrev  0x00000d7f       0xfc ./system/src/cortexm/_initialize_hardware.o
 .debug_abbrev  0x00000e7b      0x372 ./system/src/cortexm/exception_handlers.o
 .debug_abbrev  0x000011ed      0x19d ./system/src/cmsis/system_stm32f10x.o
 .debug_abbrev  0x0000138a       0xa5 ./system/src/cmsis/vectors_stm32f10x.o
 .debug_abbrev  0x0000142f       0xde ./src/AFIO_program.o
 .debug_abbrev  0x0000150d      0x13c ./src/EXTI_program.o
 .debug_abbrev  0x00001649       0xbe ./src/GPIO_program.o
 .debug_abbrev  0x00001707       0xcd ./src/NVIC_program.o
 .debug_abbrev  0x000017d4       0x8c ./src/RCC_program.o
 .debug_abbrev  0x00001860      0x12e ./src/STK_program.o
 .debug_abbrev  0x0000198e       0xc1 ./src/main.o

.debug_line     0x00000000     0x42c7
 *(.debug_line)
 .debug_line    0x00000000      0x386 ./system/src/newlib/_exit.o
 .debug_line    0x00000386      0x377 ./system/src/newlib/_sbrk.o
 .debug_line    0x000006fd      0x58e ./system/src/newlib/_startup.o
 .debug_line    0x00000c8b      0x48f ./system/src/newlib/_syscalls.o
 .debug_line    0x0000111a      0x462 ./system/src/diag/Trace.o
 .debug_line    0x0000157c      0x6d0 ./system/src/diag/trace_impl.o
 .debug_line    0x00001c4c      0x38e ./system/src/cortexm/_initialize_hardware.o
 .debug_line    0x00001fda      0x8c7 ./system/src/cortexm/exception_handlers.o
 .debug_line    0x000028a1      0x59a ./system/src/cmsis/system_stm32f10x.o
 .debug_line    0x00002e3b      0x119 ./system/src/cmsis/vectors_stm32f10x.o
 .debug_line    0x00002f54      0x437 ./src/AFIO_program.o
 .debug_line    0x0000338b      0x592 ./src/EXTI_program.o
 .debug_line    0x0000391d      0x2a2 ./src/GPIO_program.o
 .debug_line    0x00003bbf      0x24d ./src/NVIC_program.o
 .debug_line    0x00003e0c      0x147 ./src/RCC_program.o
 .debug_line    0x00003f53      0x205 ./src/STK_program.o
 .debug_line    0x00004158      0x16f ./src/main.o

.debug_frame    0x00000000      0xc94
 *(.debug_frame)
 .debug_frame   0x00000000       0x38 ./system/src/newlib/_exit.o
 .debug_frame   0x00000038       0x28 ./system/src/newlib/_sbrk.o
 .debug_frame   0x00000060       0x7c ./system/src/newlib/_startup.o
 .debug_frame   0x000000dc       0x50 ./system/src/newlib/_syscalls.o
 .debug_frame   0x0000012c       0x94 ./system/src/diag/Trace.o
 .debug_frame   0x000001c0       0x64 ./system/src/diag/trace_impl.o
 .debug_frame   0x00000224       0x40 ./system/src/cortexm/_initialize_hardware.o
 .debug_frame   0x00000264      0x158 ./system/src/cortexm/exception_handlers.o
 .debug_frame   0x000003bc       0x6c ./system/src/cmsis/system_stm32f10x.o
 .debug_frame   0x00000428       0x20 ./system/src/cmsis/vectors_stm32f10x.o
 .debug_frame   0x00000448       0x30 ./src/AFIO_program.o
 .debug_frame   0x00000478      0x250 ./src/EXTI_program.o
 .debug_frame   0x000006c8       0x5c ./src/GPIO_program.o
 .debug_frame   0x00000724       0x80 ./src/NVIC_program.o
 .debug_frame   0x000007a4       0x40 ./src/RCC_program.o
 .debug_frame   0x000007e4       0x9c ./src/STK_program.o
 .debug_frame   0x00000880       0x70 ./src/main.o
 .debug_frame   0x000008f0       0x20 c:/program files (x86)/gnu tools arm embedded/8 2019-q3-update/bin/../lib/gcc/arm-none-eabi/8.3.1/../../../../arm-none-eabi/lib/thumb/v7-m/nofp\libg_nano.a(lib_a-errno.o)
 .debug_frame   0x00000910       0x4c c:/program files (x86)/gnu tools arm embedded/8 2019-q3-update/bin/../lib/gcc/arm-none-eabi/8.3.1/../../../../arm-none-eabi/lib/thumb/v7-m/nofp\libg_nano.a(lib_a-vsnprintf.o)
 .debug_frame   0x0000095c       0x90 c:/program files (x86)/gnu tools arm embedded/8 2019-q3-update/bin/../lib/gcc/arm-none-eabi/8.3.1/../../../../arm-none-eabi/lib/thumb/v7-m/nofp\libg_nano.a(lib_a-nano-svfprintf.o)
 .debug_frame   0x000009ec       0x60 c:/program files (x86)/gnu tools arm embedded/8 2019-q3-update/bin/../lib/gcc/arm-none-eabi/8.3.1/../../../../arm-none-eabi/lib/thumb/v7-m/nofp\libg_nano.a(lib_a-nano-vfprintf_i.o)
 .debug_frame   0x00000a4c       0x28 c:/program files (x86)/gnu tools arm embedded/8 2019-q3-update/bin/../lib/gcc/arm-none-eabi/8.3.1/../../../../arm-none-eabi/lib/thumb/v7-m/nofp\libg_nano.a(lib_a-memchr-stub.o)
 .debug_frame   0x00000a74       0x28 c:/program files (x86)/gnu tools arm embedded/8 2019-q3-update/bin/../lib/gcc/arm-none-eabi/8.3.1/../../../../arm-none-eabi/lib/thumb/v7-m/nofp\libg_nano.a(lib_a-memcpy-stub.o)
 .debug_frame   0x00000a9c       0x28 c:/program files (x86)/gnu tools arm embedded/8 2019-q3-update/bin/../lib/gcc/arm-none-eabi/8.3.1/../../../../arm-none-eabi/lib/thumb/v7-m/nofp\libg_nano.a(lib_a-memmove.o)
 .debug_frame   0x00000ac4       0x38 c:/program files (x86)/gnu tools arm embedded/8 2019-q3-update/bin/../lib/gcc/arm-none-eabi/8.3.1/../../../../arm-none-eabi/lib/thumb/v7-m/nofp\libg_nano.a(lib_a-nano-freer.o)
 .debug_frame   0x00000afc       0x30 c:/program files (x86)/gnu tools arm embedded/8 2019-q3-update/bin/../lib/gcc/arm-none-eabi/8.3.1/../../../../arm-none-eabi/lib/thumb/v7-m/nofp\libg_nano.a(lib_a-nano-mallocr.o)
 .debug_frame   0x00000b2c       0x3c c:/program files (x86)/gnu tools arm embedded/8 2019-q3-update/bin/../lib/gcc/arm-none-eabi/8.3.1/../../../../arm-none-eabi/lib/thumb/v7-m/nofp\libg_nano.a(lib_a-nano-reallocr.o)
 .debug_frame   0x00000b68       0x2c c:/program files (x86)/gnu tools arm embedded/8 2019-q3-update/bin/../lib/gcc/arm-none-eabi/8.3.1/../../../../arm-none-eabi/lib/thumb/v7-m/nofp\libg_nano.a(lib_a-sbrkr.o)
 .debug_frame   0x00000b94       0x30 c:/program files (x86)/gnu tools arm embedded/8 2019-q3-update/bin/../lib/gcc/arm-none-eabi/8.3.1/../../../../arm-none-eabi/lib/thumb/v7-m/nofp\libg_nano.a(lib_a-mlock.o)
 .debug_frame   0x00000bc4       0x20 c:/program files (x86)/gnu tools arm embedded/8 2019-q3-update/bin/../lib/gcc/arm-none-eabi/8.3.1/../../../../arm-none-eabi/lib/thumb/v7-m/nofp\libg_nano.a(lib_a-nano-msizer.o)
 .debug_frame   0x00000be4       0xb0 c:/program files (x86)/gnu tools arm embedded/8 2019-q3-update/bin/../lib/gcc/arm-none-eabi/8.3.1/../../../../arm-none-eabi/lib/thumb/v7-m/nofp\libg_nano.a(lib_a-lock.o)

.debug_str      0x00000000    0x5738a
 *(.debug_str)
 .debug_str     0x00000000     0x7ccc ./system/src/newlib/_exit.o
                               0x7e93 (size before relaxing)
 .debug_str     0x00007ccc      0x4f5 ./system/src/newlib/_sbrk.o
                               0x7254 (size before relaxing)
 .debug_str     0x000081c1      0xbbd ./system/src/newlib/_startup.o
                               0x6667 (size before relaxing)
 .debug_str     0x00008d7e      0xf94 ./system/src/newlib/_syscalls.o
                               0x8238 (size before relaxing)
 .debug_str     0x00009d12      0x826 ./system/src/diag/Trace.o
                               0x860f (size before relaxing)
 .debug_str     0x0000a538    0x4b2b9 ./system/src/diag/trace_impl.o
                              0x526c9 (size before relaxing)
 .debug_str     0x000557f1       0xc4 ./system/src/cortexm/_initialize_hardware.o
                              0x4e8ec (size before relaxing)
 .debug_str     0x000558b5      0x1a6 ./system/src/cortexm/exception_handlers.o
                              0x53c1a (size before relaxing)
 .debug_str     0x00055a5b      0x114 ./system/src/cmsis/system_stm32f10x.o
                              0x4e986 (size before relaxing)
 .debug_str     0x00055b6f       0x57 ./system/src/cmsis/vectors_stm32f10x.o
                               0x392b (size before relaxing)
 .debug_str     0x00055bc6      0x476 ./src/AFIO_program.o
                               0x328c (size before relaxing)
 .debug_str     0x0005603c      0x50f ./src/EXTI_program.o
                               0x33f5 (size before relaxing)
 .debug_str     0x0005654b      0x4f6 ./src/GPIO_program.o
                               0x3617 (size before relaxing)
 .debug_str     0x00056a41      0x46f ./src/NVIC_program.o
                               0x3334 (size before relaxing)
 .debug_str     0x00056eb0      0x291 ./src/RCC_program.o
                               0x3156 (size before relaxing)
 .debug_str     0x00057141      0x20c ./src/STK_program.o
                               0x30e7 (size before relaxing)
 .debug_str     0x0005734d       0x3d ./src/main.o
                               0x3406 (size before relaxing)

.debug_loc      0x00000000     0x174d
 *(.debug_loc)
 .debug_loc     0x00000000       0x15 ./system/src/newlib/_exit.o
 .debug_loc     0x00000015       0x97 ./system/src/newlib/_sbrk.o
 .debug_loc     0x000000ac      0x2a6 ./system/src/newlib/_startup.o
 .debug_loc     0x00000352       0x6f ./system/src/newlib/_syscalls.o
 .debug_loc     0x000003c1      0x118 ./system/src/diag/Trace.o
 .debug_loc     0x000004d9      0x1a1 ./system/src/diag/trace_impl.o
 .debug_loc     0x0000067a      0x35c ./system/src/cortexm/exception_handlers.o
 .debug_loc     0x000009d6       0xff ./system/src/cmsis/system_stm32f10x.o
 .debug_loc     0x00000ad5      0x3b0 ./src/AFIO_program.o
 .debug_loc     0x00000e85      0x167 ./src/EXTI_program.o
 .debug_loc     0x00000fec      0x45e ./src/GPIO_program.o
 .debug_loc     0x0000144a      0x1d9 ./src/NVIC_program.o
 .debug_loc     0x00001623       0xbe ./src/RCC_program.o
 .debug_loc     0x000016e1       0x6c ./src/STK_program.o

.debug_macinfo
 *(.debug_macinfo)

.debug_weaknames
 *(.debug_weaknames)

.debug_funcnames
 *(.debug_funcnames)

.debug_typenames
 *(.debug_typenames)

.debug_varnames
 *(.debug_varnames)
OUTPUT(EXTI.elf elf32-littlearm)

.debug_ranges   0x00000000      0x3c0
 .debug_ranges  0x00000000       0x18 ./system/src/newlib/_exit.o
 .debug_ranges  0x00000018       0x10 ./system/src/newlib/_sbrk.o
 .debug_ranges  0x00000028       0x48 ./system/src/newlib/_startup.o
 .debug_ranges  0x00000070       0x20 ./system/src/newlib/_syscalls.o
 .debug_ranges  0x00000090       0x28 ./system/src/diag/Trace.o
 .debug_ranges  0x000000b8       0x38 ./system/src/diag/trace_impl.o
 .debug_ranges  0x000000f0       0x18 ./system/src/cortexm/_initialize_hardware.o
 .debug_ranges  0x00000108       0x98 ./system/src/cortexm/exception_handlers.o
 .debug_ranges  0x000001a0       0x28 ./system/src/cmsis/system_stm32f10x.o
 .debug_ranges  0x000001c8       0x10 ./system/src/cmsis/vectors_stm32f10x.o
 .debug_ranges  0x000001d8       0x18 ./src/AFIO_program.o
 .debug_ranges  0x000001f0       0xd8 ./src/EXTI_program.o
 .debug_ranges  0x000002c8       0x28 ./src/GPIO_program.o
 .debug_ranges  0x000002f0       0x40 ./src/NVIC_program.o
 .debug_ranges  0x00000330       0x20 ./src/RCC_program.o
 .debug_ranges  0x00000350       0x48 ./src/STK_program.o
 .debug_ranges  0x00000398       0x28 ./src/main.o

.debug_macro    0x00000000     0x2bbf
 .debug_macro   0x00000000      0x1ae ./system/src/newlib/_exit.o
 .debug_macro   0x000001ae       0x34 ./system/src/newlib/_exit.o
 .debug_macro   0x000001e2      0x10e ./system/src/newlib/_exit.o
 .debug_macro   0x000002f0       0x8d ./system/src/newlib/_exit.o
 .debug_macro   0x0000037d       0x43 ./system/src/newlib/_exit.o
 .debug_macro   0x000003c0      0x339 ./system/src/newlib/_exit.o
 .debug_macro   0x000006f9       0x35 ./system/src/newlib/_exit.o
 .debug_macro   0x0000072e      0x163 ./system/src/newlib/_sbrk.o
 .debug_macro   0x00000891      0x174 ./system/src/newlib/_sbrk.o
 .debug_macro   0x00000a05       0x10 ./system/src/newlib/_sbrk.o
 .debug_macro   0x00000a15      0x23b ./system/src/newlib/_sbrk.o
 .debug_macro   0x00000c50      0x15f ./system/src/newlib/_startup.o
 .debug_macro   0x00000daf      0x220 ./system/src/newlib/_syscalls.o
 .debug_macro   0x00000fcf       0x1c ./system/src/newlib/_syscalls.o
 .debug_macro   0x00000feb       0x10 ./system/src/newlib/_syscalls.o
 .debug_macro   0x00000ffb       0x10 ./system/src/newlib/_syscalls.o
 .debug_macro   0x0000100b       0x10 ./system/src/newlib/_syscalls.o
 .debug_macro   0x0000101b       0x35 ./system/src/newlib/_syscalls.o
 .debug_macro   0x00001050      0x122 ./system/src/newlib/_syscalls.o
 .debug_macro   0x00001172       0x88 ./system/src/newlib/_syscalls.o
 .debug_macro   0x000011fa       0x7c ./system/src/newlib/_syscalls.o
 .debug_macro   0x00001276       0x17 ./system/src/newlib/_syscalls.o
 .debug_macro   0x0000128d      0x118 ./system/src/newlib/_syscalls.o
 .debug_macro   0x000013a5      0x189 ./system/src/newlib/_syscalls.o
 .debug_macro   0x0000152e       0x16 ./system/src/newlib/_syscalls.o
 .debug_macro   0x00001544      0x1f5 ./system/src/diag/Trace.o
 .debug_macro   0x00001739       0x16 ./system/src/diag/Trace.o
 .debug_macro   0x0000174f       0x97 ./system/src/diag/Trace.o
 .debug_macro   0x000017e6       0xfd ./system/src/diag/Trace.o
 .debug_macro   0x000018e3       0x10 ./system/src/diag/Trace.o
 .debug_macro   0x000018f3       0x16 ./system/src/diag/Trace.o
 .debug_macro   0x00001909      0x16f ./system/src/diag/Trace.o
 .debug_macro   0x00001a78       0x4c ./system/src/diag/Trace.o
 .debug_macro   0x00001ac4       0x16 ./system/src/diag/Trace.o
 .debug_macro   0x00001ada      0x2c6 ./system/src/diag/trace_impl.o
 .debug_macro   0x00001da0       0x10 ./system/src/diag/trace_impl.o
 .debug_macro   0x00001db0       0xcf ./system/src/diag/trace_impl.o
 .debug_macro   0x00001e7f       0x20 ./system/src/diag/trace_impl.o
 .debug_macro   0x00001e9f       0xbe ./system/src/diag/trace_impl.o
 .debug_macro   0x00001f5d       0x22 ./system/src/diag/trace_impl.o
 .debug_macro   0x00001f7f      0x16b ./system/src/cortexm/_initialize_hardware.o
 .debug_macro   0x000020ea      0x31e ./system/src/cortexm/exception_handlers.o
 .debug_macro   0x00002408       0x3b ./system/src/cortexm/exception_handlers.o
 .debug_macro   0x00002443       0x10 ./system/src/cortexm/exception_handlers.o
 .debug_macro   0x00002453      0x16e ./system/src/cmsis/system_stm32f10x.o
 .debug_macro   0x000025c1       0x34 ./system/src/cmsis/vectors_stm32f10x.o
 .debug_macro   0x000025f5       0x4d ./src/AFIO_program.o
 .debug_macro   0x00002642       0x10 ./src/AFIO_program.o
 .debug_macro   0x00002652       0x22 ./src/AFIO_program.o
 .debug_macro   0x00002674       0x10 ./src/AFIO_program.o
 .debug_macro   0x00002684       0xe2 ./src/AFIO_program.o
 .debug_macro   0x00002766       0x3f ./src/EXTI_program.o
 .debug_macro   0x000027a5       0x10 ./src/EXTI_program.o
 .debug_macro   0x000027b5       0x94 ./src/EXTI_program.o
 .debug_macro   0x00002849       0x3f ./src/GPIO_program.o
 .debug_macro   0x00002888       0x9a ./src/GPIO_program.o
 .debug_macro   0x00002922       0x45 ./src/NVIC_program.o
 .debug_macro   0x00002967       0x70 ./src/NVIC_program.o
 .debug_macro   0x000029d7       0x10 ./src/NVIC_program.o
 .debug_macro   0x000029e7       0x3e ./src/RCC_program.o
 .debug_macro   0x00002a25       0x1c ./src/RCC_program.o
 .debug_macro   0x00002a41       0x70 ./src/RCC_program.o
 .debug_macro   0x00002ab1       0x10 ./src/RCC_program.o
 .debug_macro   0x00002ac1       0x3f ./src/STK_program.o
 .debug_macro   0x00002b00       0x10 ./src/STK_program.o
 .debug_macro   0x00002b10       0x40 ./src/STK_program.o
 .debug_macro   0x00002b50       0x6f ./src/main.o
