Archive member included to satisfy reference by file (symbol)

c:/program files (x86)/gnu tools arm embedded/8 2019-q3-update/bin/../lib/gcc/arm-none-eabi/8.3.1/../../../../arm-none-eabi/lib/thumb/v7-m/nofp\libg_nano.a(lib_a-errno.o)
                              ./system/src/newlib/_sbrk.o (__errno)
c:/program files (x86)/gnu tools arm embedded/8 2019-q3-update/bin/../lib/gcc/arm-none-eabi/8.3.1/../../../../arm-none-eabi/lib/thumb/v7-m/nofp\libg_nano.a(lib_a-impure.o)
                              c:/program files (x86)/gnu tools arm embedded/8 2019-q3-update/bin/../lib/gcc/arm-none-eabi/8.3.1/../../../../arm-none-eabi/lib/thumb/v7-m/nofp\libg_nano.a(lib_a-errno.o) (_impure_ptr)

Allocating common symbols
Common symbol       size              file

errno               0x4               ./system/src/newlib/_syscalls.o
EXTI_CallBack       0x50              ./src/EXTI_program.o
MSTK_CallBack       0x4               ./src/STK_program.o

Discarded input sections

 .text          0x00000000        0x0 ./system/src/stm32f1-stdperiph/misc.o
 .data          0x00000000        0x0 ./system/src/stm32f1-stdperiph/misc.o
 .bss           0x00000000        0x0 ./system/src/stm32f1-stdperiph/misc.o
 .text.NVIC_PriorityGroupConfig
                0x00000000       0x14 ./system/src/stm32f1-stdperiph/misc.o
 .text.NVIC_Init
                0x00000000       0x58 ./system/src/stm32f1-stdperiph/misc.o
 .text.NVIC_SetVectorTable
                0x00000000       0x14 ./system/src/stm32f1-stdperiph/misc.o
 .text.NVIC_SystemLPConfig
                0x00000000       0x1c ./system/src/stm32f1-stdperiph/misc.o
 .text.SysTick_CLKSourceConfig
                0x00000000       0x18 ./system/src/stm32f1-stdperiph/misc.o
 .debug_info    0x00000000      0x58e ./system/src/stm32f1-stdperiph/misc.o
 .debug_abbrev  0x00000000      0x1ad ./system/src/stm32f1-stdperiph/misc.o
 .debug_loc     0x00000000      0x19b ./system/src/stm32f1-stdperiph/misc.o
 .debug_aranges
                0x00000000       0x40 ./system/src/stm32f1-stdperiph/misc.o
 .debug_ranges  0x00000000       0x30 ./system/src/stm32f1-stdperiph/misc.o
 .debug_line    0x00000000      0x260 ./system/src/stm32f1-stdperiph/misc.o
 .debug_str     0x00000000      0x432 ./system/src/stm32f1-stdperiph/misc.o
 .comment       0x00000000       0x77 ./system/src/stm32f1-stdperiph/misc.o
 .debug_frame   0x00000000       0x6c ./system/src/stm32f1-stdperiph/misc.o
 .ARM.attributes
                0x00000000       0x2d ./system/src/stm32f1-stdperiph/misc.o
 .text          0x00000000        0x0 ./system/src/stm32f1-stdperiph/stm32f10x_gpio.o
 .data          0x00000000        0x0 ./system/src/stm32f1-stdperiph/stm32f10x_gpio.o
 .bss           0x00000000        0x0 ./system/src/stm32f1-stdperiph/stm32f10x_gpio.o
 .text.GPIO_DeInit
                0x00000000       0xb8 ./system/src/stm32f1-stdperiph/stm32f10x_gpio.o
 .text.GPIO_AFIODeInit
                0x00000000       0x16 ./system/src/stm32f1-stdperiph/stm32f10x_gpio.o
 .text.GPIO_Init
                0x00000000       0xa2 ./system/src/stm32f1-stdperiph/stm32f10x_gpio.o
 .text.GPIO_StructInit
                0x00000000        0xe ./system/src/stm32f1-stdperiph/stm32f10x_gpio.o
 .text.GPIO_ReadInputDataBit
                0x00000000        0xc ./system/src/stm32f1-stdperiph/stm32f10x_gpio.o
 .text.GPIO_ReadInputData
                0x00000000        0x6 ./system/src/stm32f1-stdperiph/stm32f10x_gpio.o
 .text.GPIO_ReadOutputDataBit
                0x00000000        0xc ./system/src/stm32f1-stdperiph/stm32f10x_gpio.o
 .text.GPIO_ReadOutputData
                0x00000000        0x6 ./system/src/stm32f1-stdperiph/stm32f10x_gpio.o
 .text.GPIO_SetBits
                0x00000000        0x4 ./system/src/stm32f1-stdperiph/stm32f10x_gpio.o
 .text.GPIO_ResetBits
                0x00000000        0x4 ./system/src/stm32f1-stdperiph/stm32f10x_gpio.o
 .text.GPIO_WriteBit
                0x00000000        0xa ./system/src/stm32f1-stdperiph/stm32f10x_gpio.o
 .text.GPIO_Write
                0x00000000        0x4 ./system/src/stm32f1-stdperiph/stm32f10x_gpio.o
 .text.GPIO_PinLockConfig
                0x00000000       0x10 ./system/src/stm32f1-stdperiph/stm32f10x_gpio.o
 .text.GPIO_EventOutputConfig
                0x00000000       0x1c ./system/src/stm32f1-stdperiph/stm32f10x_gpio.o
 .text.GPIO_EventOutputCmd
                0x00000000        0xc ./system/src/stm32f1-stdperiph/stm32f10x_gpio.o
 .text.GPIO_PinRemapConfig
                0x00000000       0x60 ./system/src/stm32f1-stdperiph/stm32f10x_gpio.o
 .text.GPIO_EXTILineConfig
                0x00000000       0x2a ./system/src/stm32f1-stdperiph/stm32f10x_gpio.o
 .text.GPIO_ETH_MediaInterfaceConfig
                0x00000000        0xc ./system/src/stm32f1-stdperiph/stm32f10x_gpio.o
 .debug_info    0x00000000      0x88c ./system/src/stm32f1-stdperiph/stm32f10x_gpio.o
 .debug_abbrev  0x00000000      0x262 ./system/src/stm32f1-stdperiph/stm32f10x_gpio.o
 .debug_loc     0x00000000      0x657 ./system/src/stm32f1-stdperiph/stm32f10x_gpio.o
 .debug_aranges
                0x00000000       0xa8 ./system/src/stm32f1-stdperiph/stm32f10x_gpio.o
 .debug_ranges  0x00000000       0x98 ./system/src/stm32f1-stdperiph/stm32f10x_gpio.o
 .debug_line    0x00000000      0x64d ./system/src/stm32f1-stdperiph/stm32f10x_gpio.o
 .debug_str     0x00000000      0x599 ./system/src/stm32f1-stdperiph/stm32f10x_gpio.o
 .comment       0x00000000       0x77 ./system/src/stm32f1-stdperiph/stm32f10x_gpio.o
 .debug_frame   0x00000000      0x170 ./system/src/stm32f1-stdperiph/stm32f10x_gpio.o
 .ARM.attributes
                0x00000000       0x2d ./system/src/stm32f1-stdperiph/stm32f10x_gpio.o
 .text          0x00000000        0x0 ./system/src/stm32f1-stdperiph/stm32f10x_rcc.o
 .data          0x00000000        0x0 ./system/src/stm32f1-stdperiph/stm32f10x_rcc.o
 .bss           0x00000000        0x0 ./system/src/stm32f1-stdperiph/stm32f10x_rcc.o
 .text.RCC_DeInit
                0x00000000       0x40 ./system/src/stm32f1-stdperiph/stm32f10x_rcc.o
 .text.RCC_HSEConfig
                0x00000000       0x38 ./system/src/stm32f1-stdperiph/stm32f10x_rcc.o
 .text.RCC_AdjustHSICalibrationValue
                0x00000000       0x14 ./system/src/stm32f1-stdperiph/stm32f10x_rcc.o
 .text.RCC_HSICmd
                0x00000000        0xc ./system/src/stm32f1-stdperiph/stm32f10x_rcc.o
 .text.RCC_PLLConfig
                0x00000000       0x14 ./system/src/stm32f1-stdperiph/stm32f10x_rcc.o
 .text.RCC_PLLCmd
                0x00000000        0xc ./system/src/stm32f1-stdperiph/stm32f10x_rcc.o
 .text.RCC_SYSCLKConfig
                0x00000000       0x14 ./system/src/stm32f1-stdperiph/stm32f10x_rcc.o
 .text.RCC_GetSYSCLKSource
                0x00000000       0x10 ./system/src/stm32f1-stdperiph/stm32f10x_rcc.o
 .text.RCC_HCLKConfig
                0x00000000       0x14 ./system/src/stm32f1-stdperiph/stm32f10x_rcc.o
 .text.RCC_PCLK1Config
                0x00000000       0x14 ./system/src/stm32f1-stdperiph/stm32f10x_rcc.o
 .text.RCC_PCLK2Config
                0x00000000       0x14 ./system/src/stm32f1-stdperiph/stm32f10x_rcc.o
 .text.RCC_ITConfig
                0x00000000       0x1c ./system/src/stm32f1-stdperiph/stm32f10x_rcc.o
 .text.RCC_USBCLKConfig
                0x00000000        0xc ./system/src/stm32f1-stdperiph/stm32f10x_rcc.o
 .text.RCC_ADCCLKConfig
                0x00000000       0x14 ./system/src/stm32f1-stdperiph/stm32f10x_rcc.o
 .text.RCC_LSEConfig
                0x00000000       0x20 ./system/src/stm32f1-stdperiph/stm32f10x_rcc.o
 .text.RCC_LSICmd
                0x00000000        0xc ./system/src/stm32f1-stdperiph/stm32f10x_rcc.o
 .text.RCC_RTCCLKConfig
                0x00000000       0x10 ./system/src/stm32f1-stdperiph/stm32f10x_rcc.o
 .text.RCC_RTCCLKCmd
                0x00000000        0xc ./system/src/stm32f1-stdperiph/stm32f10x_rcc.o
 .text.RCC_GetClocksFreq
                0x00000000       0x88 ./system/src/stm32f1-stdperiph/stm32f10x_rcc.o
 .text.RCC_AHBPeriphClockCmd
                0x00000000       0x1c ./system/src/stm32f1-stdperiph/stm32f10x_rcc.o
 .text.RCC_APB2PeriphClockCmd
                0x00000000       0x1c ./system/src/stm32f1-stdperiph/stm32f10x_rcc.o
 .text.RCC_APB1PeriphClockCmd
                0x00000000       0x1c ./system/src/stm32f1-stdperiph/stm32f10x_rcc.o
 .text.RCC_APB2PeriphResetCmd
                0x00000000       0x1c ./system/src/stm32f1-stdperiph/stm32f10x_rcc.o
 .text.RCC_APB1PeriphResetCmd
                0x00000000       0x1c ./system/src/stm32f1-stdperiph/stm32f10x_rcc.o
 .text.RCC_BackupResetCmd
                0x00000000        0xc ./system/src/stm32f1-stdperiph/stm32f10x_rcc.o
 .text.RCC_ClockSecuritySystemCmd
                0x00000000        0xc ./system/src/stm32f1-stdperiph/stm32f10x_rcc.o
 .text.RCC_MCOConfig
                0x00000000        0xc ./system/src/stm32f1-stdperiph/stm32f10x_rcc.o
 .text.RCC_GetFlagStatus
                0x00000000       0x28 ./system/src/stm32f1-stdperiph/stm32f10x_rcc.o
 .text.RCC_WaitForHSEStartUp
                0x00000000       0x30 ./system/src/stm32f1-stdperiph/stm32f10x_rcc.o
 .text.RCC_ClearFlag
                0x00000000       0x10 ./system/src/stm32f1-stdperiph/stm32f10x_rcc.o
 .text.RCC_GetITStatus
                0x00000000       0x14 ./system/src/stm32f1-stdperiph/stm32f10x_rcc.o
 .text.RCC_ClearITPendingBit
                0x00000000        0xc ./system/src/stm32f1-stdperiph/stm32f10x_rcc.o
 .data.ADCPrescTable
                0x00000000        0x4 ./system/src/stm32f1-stdperiph/stm32f10x_rcc.o
 .data.APBAHBPrescTable
                0x00000000       0x10 ./system/src/stm32f1-stdperiph/stm32f10x_rcc.o
 .debug_info    0x00000000      0x9af ./system/src/stm32f1-stdperiph/stm32f10x_rcc.o
 .debug_abbrev  0x00000000      0x22a ./system/src/stm32f1-stdperiph/stm32f10x_rcc.o
 .debug_loc     0x00000000      0x736 ./system/src/stm32f1-stdperiph/stm32f10x_rcc.o
 .debug_aranges
                0x00000000      0x118 ./system/src/stm32f1-stdperiph/stm32f10x_rcc.o
 .debug_ranges  0x00000000      0x108 ./system/src/stm32f1-stdperiph/stm32f10x_rcc.o
 .debug_line    0x00000000      0x819 ./system/src/stm32f1-stdperiph/stm32f10x_rcc.o
 .debug_str     0x00000000      0x683 ./system/src/stm32f1-stdperiph/stm32f10x_rcc.o
 .comment       0x00000000       0x77 ./system/src/stm32f1-stdperiph/stm32f10x_rcc.o
 .debug_frame   0x00000000      0x220 ./system/src/stm32f1-stdperiph/stm32f10x_rcc.o
 .ARM.attributes
                0x00000000       0x2d ./system/src/stm32f1-stdperiph/stm32f10x_rcc.o
 .text          0x00000000        0x0 ./system/src/newlib/_cxx.o
 .data          0x00000000        0x0 ./system/src/newlib/_cxx.o
 .bss           0x00000000        0x0 ./system/src/newlib/_cxx.o
 .text._ZN9__gnu_cxx27__verbose_terminate_handlerEv
                0x00000000        0x6 ./system/src/newlib/_cxx.o
 .text.__cxa_pure_virtual
                0x00000000        0x6 ./system/src/newlib/_cxx.o
 .debug_info    0x00000000     0x1086 ./system/src/newlib/_cxx.o
 .debug_abbrev  0x00000000      0x32c ./system/src/newlib/_cxx.o
 .debug_aranges
                0x00000000       0x20 ./system/src/newlib/_cxx.o
 .debug_ranges  0x00000000       0x10 ./system/src/newlib/_cxx.o
 .debug_line    0x00000000      0x35b ./system/src/newlib/_cxx.o
 .debug_str     0x00000000      0x824 ./system/src/newlib/_cxx.o
 .comment       0x00000000       0x77 ./system/src/newlib/_cxx.o
 .debug_frame   0x00000000       0x40 ./system/src/newlib/_cxx.o
 .ARM.attributes
                0x00000000       0x2d ./system/src/newlib/_cxx.o
 .text          0x00000000        0x0 ./system/src/newlib/_exit.o
 .data          0x00000000        0x0 ./system/src/newlib/_exit.o
 .bss           0x00000000        0x0 ./system/src/newlib/_exit.o
 .text.abort    0x00000000        0x8 ./system/src/newlib/_exit.o
 .text          0x00000000        0x0 ./system/src/newlib/_sbrk.o
 .data          0x00000000        0x0 ./system/src/newlib/_sbrk.o
 .bss           0x00000000        0x0 ./system/src/newlib/_sbrk.o
 .text._sbrk    0x00000000       0x3c ./system/src/newlib/_sbrk.o
 .bss.current_heap_end.4005
                0x00000000        0x4 ./system/src/newlib/_sbrk.o
 .debug_info    0x00000000      0x9d0 ./system/src/newlib/_sbrk.o
 .debug_abbrev  0x00000000      0x22f ./system/src/newlib/_sbrk.o
 .debug_loc     0x00000000       0x78 ./system/src/newlib/_sbrk.o
 .debug_aranges
                0x00000000       0x20 ./system/src/newlib/_sbrk.o
 .debug_ranges  0x00000000       0x10 ./system/src/newlib/_sbrk.o
 .debug_line    0x00000000      0x1b6 ./system/src/newlib/_sbrk.o
 .debug_str     0x00000000      0x610 ./system/src/newlib/_sbrk.o
 .comment       0x00000000       0x77 ./system/src/newlib/_sbrk.o
 .debug_frame   0x00000000       0x28 ./system/src/newlib/_sbrk.o
 .ARM.attributes
                0x00000000       0x2d ./system/src/newlib/_sbrk.o
 .text          0x00000000        0x0 ./system/src/newlib/_startup.o
 .data          0x00000000        0x0 ./system/src/newlib/_startup.o
 .bss           0x00000000        0x0 ./system/src/newlib/_startup.o
 .text.__initialize_data
                0x00000000       0x10 ./system/src/newlib/_startup.o
 .text.__initialize_bss
                0x00000000        0xe ./system/src/newlib/_startup.o
 .text.__run_init_array
                0x00000000       0x44 ./system/src/newlib/_startup.o
 .text.__run_fini_array
                0x00000000       0x24 ./system/src/newlib/_startup.o
 .text          0x00000000        0x0 ./system/src/newlib/_syscalls.o
 .data          0x00000000        0x0 ./system/src/newlib/_syscalls.o
 .bss           0x00000000        0x0 ./system/src/newlib/_syscalls.o
 .text.raise    0x00000000       0x10 ./system/src/newlib/_syscalls.o
 .text.kill     0x00000000       0x10 ./system/src/newlib/_syscalls.o
 .bss.__dso_handle
                0x00000000        0x4 ./system/src/newlib/_syscalls.o
 COMMON         0x00000000        0x4 ./system/src/newlib/_syscalls.o
 .text          0x00000000        0x0 ./system/src/newlib/assert.o
 .data          0x00000000        0x0 ./system/src/newlib/assert.o
 .bss           0x00000000        0x0 ./system/src/newlib/assert.o
 .text.__assert_func
                0x00000000        0x6 ./system/src/newlib/assert.o
 .debug_info    0x00000000      0xa0a ./system/src/newlib/assert.o
 .debug_abbrev  0x00000000      0x231 ./system/src/newlib/assert.o
 .debug_loc     0x00000000       0x94 ./system/src/newlib/assert.o
 .debug_aranges
                0x00000000       0x20 ./system/src/newlib/assert.o
 .debug_ranges  0x00000000       0x10 ./system/src/newlib/assert.o
 .debug_line    0x00000000      0x1ee ./system/src/newlib/assert.o
 .debug_str     0x00000000      0x619 ./system/src/newlib/assert.o
 .comment       0x00000000       0x77 ./system/src/newlib/assert.o
 .debug_frame   0x00000000       0x28 ./system/src/newlib/assert.o
 .ARM.attributes
                0x00000000       0x2d ./system/src/newlib/assert.o
 .text          0x00000000        0x0 ./system/src/diag/Trace.o
 .data          0x00000000        0x0 ./system/src/diag/Trace.o
 .bss           0x00000000        0x0 ./system/src/diag/Trace.o
 .debug_line    0x00000000        0x0 ./system/src/diag/Trace.o
 .debug_str     0x00000000      0x12c ./system/src/diag/Trace.o
 .comment       0x00000000       0x77 ./system/src/diag/Trace.o
 .ARM.attributes
                0x00000000       0x33 ./system/src/diag/Trace.o
 .text          0x00000000        0x0 ./system/src/diag/trace_impl.o
 .data          0x00000000        0x0 ./system/src/diag/trace_impl.o
 .bss           0x00000000        0x0 ./system/src/diag/trace_impl.o
 .debug_line    0x00000000        0x0 ./system/src/diag/trace_impl.o
 .debug_str     0x00000000      0x131 ./system/src/diag/trace_impl.o
 .comment       0x00000000       0x77 ./system/src/diag/trace_impl.o
 .ARM.attributes
                0x00000000       0x33 ./system/src/diag/trace_impl.o
 .text          0x00000000        0x0 ./system/src/cortexm/_initialize_hardware.o
 .data          0x00000000        0x0 ./system/src/cortexm/_initialize_hardware.o
 .bss           0x00000000        0x0 ./system/src/cortexm/_initialize_hardware.o
 .text          0x00000000        0x0 ./system/src/cortexm/_reset_hardware.o
 .data          0x00000000        0x0 ./system/src/cortexm/_reset_hardware.o
 .bss           0x00000000        0x0 ./system/src/cortexm/_reset_hardware.o
 .text          0x00000000        0x0 ./system/src/cortexm/exception_handlers.o
 .data          0x00000000        0x0 ./system/src/cortexm/exception_handlers.o
 .bss           0x00000000        0x0 ./system/src/cortexm/exception_handlers.o
 .text          0x00000000        0x0 ./system/src/cmsis/system_stm32f10x.o
 .data          0x00000000        0x0 ./system/src/cmsis/system_stm32f10x.o
 .bss           0x00000000        0x0 ./system/src/cmsis/system_stm32f10x.o
 .text          0x00000000        0x0 ./system/src/cmsis/vectors_stm32f10x.o
 .data          0x00000000        0x0 ./system/src/cmsis/vectors_stm32f10x.o
 .bss           0x00000000        0x0 ./system/src/cmsis/vectors_stm32f10x.o
 .text          0x00000000        0x0 ./src/AFIO_program.o
 .data          0x00000000        0x0 ./src/AFIO_program.o
 .bss           0x00000000        0x0 ./src/AFIO_program.o
 .text.MAFIO_voidDisableEXTI
                0x00000000       0x80 ./src/AFIO_program.o
 .text          0x00000000        0x0 ./src/EXTI_program.o
 .data          0x00000000        0x0 ./src/EXTI_program.o
 .bss           0x00000000        0x0 ./src/EXTI_program.o
 .text.MEXTI_voidEnableExtInt
                0x00000000       0x14 ./src/EXTI_program.o
 .text.MEXTI_voidDisableExtInt
                0x00000000       0x18 ./src/EXTI_program.o
 .text.MEXTI_voidSwTrigger
                0x00000000       0x20 ./src/EXTI_program.o
 .text.MEXTI_voidSetEdge
                0x00000000       0x3c ./src/EXTI_program.o
 .text.EXTI5_IRQHandler
                0x00000000       0x1c ./src/EXTI_program.o
 .text.EXTI6_IRQHandler
                0x00000000       0x1c ./src/EXTI_program.o
 .text.EXTI7_IRQHandler
                0x00000000       0x1c ./src/EXTI_program.o
 .text.EXTI8_IRQHandler
                0x00000000       0x1c ./src/EXTI_program.o
 .text.EXTI9_IRQHandler
                0x00000000       0x1c ./src/EXTI_program.o
 .text.EXTI10_IRQHandler
                0x00000000       0x1c ./src/EXTI_program.o
 .text.EXTI11_IRQHandler
                0x00000000       0x1c ./src/EXTI_program.o
 .text.EXTI12_IRQHandler
                0x00000000       0x1c ./src/EXTI_program.o
 .text.EXTI13_IRQHandler
                0x00000000       0x1c ./src/EXTI_program.o
 .text.EXTI14_IRQHandler
                0x00000000       0x1c ./src/EXTI_program.o
 .text.EXTI15_IRQHandler
                0x00000000       0x1c ./src/EXTI_program.o
 .text.EXTI16_IRQHandler
                0x00000000       0x1c ./src/EXTI_program.o
 .text.EXTI17_IRQHandler
                0x00000000       0x1c ./src/EXTI_program.o
 .text.EXTI18_IRQHandler
                0x00000000       0x1c ./src/EXTI_program.o
 .text.EXTI19_IRQHandler
                0x00000000       0x1c ./src/EXTI_program.o
 .text          0x00000000        0x0 ./src/GPIO_program.o
 .data          0x00000000        0x0 ./src/GPIO_program.o
 .bss           0x00000000        0x0 ./src/GPIO_program.o
 .text.GPIO_u8GetPinValue
                0x00000000       0x30 ./src/GPIO_program.o
 .text          0x00000000        0x0 ./src/NVIC_program.o
 .data          0x00000000        0x0 ./src/NVIC_program.o
 .bss           0x00000000        0x0 ./src/NVIC_program.o
 .text.MNVIC_voidInit
                0x00000000       0x10 ./src/NVIC_program.o
 .text.MNVIC_voidSetPriority
                0x00000000       0x28 ./src/NVIC_program.o
 .text.MNVIC_voidDisableInterrupt
                0x00000000       0x2c ./src/NVIC_program.o
 .text.MNVIC_voidSetPendingFlag
                0x00000000       0x2c ./src/NVIC_program.o
 .text.MNVIC_voidClearPendingFlag
                0x00000000       0x2c ./src/NVIC_program.o
 .text.MNVIC_u8GetActiveFlag
                0x00000000       0x1c ./src/NVIC_program.o
 .text          0x00000000        0x0 ./src/RCC_program.o
 .data          0x00000000        0x0 ./src/RCC_program.o
 .bss           0x00000000        0x0 ./src/RCC_program.o
 .text.RCC_voidDisableClock
                0x00000000       0x40 ./src/RCC_program.o
 .text          0x00000000        0x0 ./src/STK_program.o
 .data          0x00000000        0x0 ./src/STK_program.o
 .bss           0x00000000        0x0 ./src/STK_program.o
 .text.MSTK_voidSetBusyWait
                0x00000000       0x2c ./src/STK_program.o
 .text.MSTK_voidSetIntervalSingle
                0x00000000       0x2c ./src/STK_program.o
 .text.MSTK_voidSetIntervalPeriodic
                0x00000000       0x2c ./src/STK_program.o
 .text.MSTK_voidStopInterval
                0x00000000       0x20 ./src/STK_program.o
 .text.MSTK_u32GetElapsedTime
                0x00000000       0x10 ./src/STK_program.o
 .text.MSTK_u32GetRemainingTime
                0x00000000        0xc ./src/STK_program.o
 .text          0x00000000        0x0 ./src/main.o
 .data          0x00000000        0x0 ./src/main.o
 .bss           0x00000000        0x0 ./src/main.o
 .text          0x00000000        0x0 c:/program files (x86)/gnu tools arm embedded/8 2019-q3-update/bin/../lib/gcc/arm-none-eabi/8.3.1/../../../../arm-none-eabi/lib/thumb/v7-m/nofp\libg_nano.a(lib_a-errno.o)
 .data          0x00000000        0x0 c:/program files (x86)/gnu tools arm embedded/8 2019-q3-update/bin/../lib/gcc/arm-none-eabi/8.3.1/../../../../arm-none-eabi/lib/thumb/v7-m/nofp\libg_nano.a(lib_a-errno.o)
 .bss           0x00000000        0x0 c:/program files (x86)/gnu tools arm embedded/8 2019-q3-update/bin/../lib/gcc/arm-none-eabi/8.3.1/../../../../arm-none-eabi/lib/thumb/v7-m/nofp\libg_nano.a(lib_a-errno.o)
 .text.__errno  0x00000000        0xc c:/program files (x86)/gnu tools arm embedded/8 2019-q3-update/bin/../lib/gcc/arm-none-eabi/8.3.1/../../../../arm-none-eabi/lib/thumb/v7-m/nofp\libg_nano.a(lib_a-errno.o)
 .debug_frame   0x00000000       0x20 c:/program files (x86)/gnu tools arm embedded/8 2019-q3-update/bin/../lib/gcc/arm-none-eabi/8.3.1/../../../../arm-none-eabi/lib/thumb/v7-m/nofp\libg_nano.a(lib_a-errno.o)
 .ARM.attributes
                0x00000000       0x2d c:/program files (x86)/gnu tools arm embedded/8 2019-q3-update/bin/../lib/gcc/arm-none-eabi/8.3.1/../../../../arm-none-eabi/lib/thumb/v7-m/nofp\libg_nano.a(lib_a-errno.o)
 .text          0x00000000        0x0 c:/program files (x86)/gnu tools arm embedded/8 2019-q3-update/bin/../lib/gcc/arm-none-eabi/8.3.1/../../../../arm-none-eabi/lib/thumb/v7-m/nofp\libg_nano.a(lib_a-impure.o)
 .data          0x00000000        0x0 c:/program files (x86)/gnu tools arm embedded/8 2019-q3-update/bin/../lib/gcc/arm-none-eabi/8.3.1/../../../../arm-none-eabi/lib/thumb/v7-m/nofp\libg_nano.a(lib_a-impure.o)
 .bss           0x00000000        0x0 c:/program files (x86)/gnu tools arm embedded/8 2019-q3-update/bin/../lib/gcc/arm-none-eabi/8.3.1/../../../../arm-none-eabi/lib/thumb/v7-m/nofp\libg_nano.a(lib_a-impure.o)
 .data._impure_ptr
                0x00000000        0x4 c:/program files (x86)/gnu tools arm embedded/8 2019-q3-update/bin/../lib/gcc/arm-none-eabi/8.3.1/../../../../arm-none-eabi/lib/thumb/v7-m/nofp\libg_nano.a(lib_a-impure.o)
 .data.impure_data
                0x00000000       0x60 c:/program files (x86)/gnu tools arm embedded/8 2019-q3-update/bin/../lib/gcc/arm-none-eabi/8.3.1/../../../../arm-none-eabi/lib/thumb/v7-m/nofp\libg_nano.a(lib_a-impure.o)
 .rodata._global_impure_ptr
                0x00000000        0x4 c:/program files (x86)/gnu tools arm embedded/8 2019-q3-update/bin/../lib/gcc/arm-none-eabi/8.3.1/../../../../arm-none-eabi/lib/thumb/v7-m/nofp\libg_nano.a(lib_a-impure.o)
 .ARM.attributes
                0x00000000       0x2d c:/program files (x86)/gnu tools arm embedded/8 2019-q3-update/bin/../lib/gcc/arm-none-eabi/8.3.1/../../../../arm-none-eabi/lib/thumb/v7-m/nofp\libg_nano.a(lib_a-impure.o)

Memory Configuration

Name             Origin             Length             Attributes
RAM              0x20000000         0x00005000         xrw
CCMRAM           0x00000000         0x00000000         xrw
FLASH            0x08000000         0x00010000         xr
FLASHB1          0x00000000         0x00000000         xr
EXTMEMB0         0x00000000         0x00000000         xr
EXTMEMB1         0x00000000         0x00000000         xr
EXTMEMB2         0x00000000         0x00000000         xr
EXTMEMB3         0x00000000         0x00000000         xr
MEMORY_ARRAY     0x00000000         0x00000000         xrw
*default*        0x00000000         0xffffffff

Linker script and memory map

LOAD ./system/src/stm32f1-stdperiph/misc.o
LOAD ./system/src/stm32f1-stdperiph/stm32f10x_gpio.o
LOAD ./system/src/stm32f1-stdperiph/stm32f10x_rcc.o
LOAD ./system/src/newlib/_cxx.o
LOAD ./system/src/newlib/_exit.o
LOAD ./system/src/newlib/_sbrk.o
LOAD ./system/src/newlib/_startup.o
LOAD ./system/src/newlib/_syscalls.o
LOAD ./system/src/newlib/assert.o
LOAD ./system/src/diag/Trace.o
LOAD ./system/src/diag/trace_impl.o
LOAD ./system/src/cortexm/_initialize_hardware.o
LOAD ./system/src/cortexm/_reset_hardware.o
LOAD ./system/src/cortexm/exception_handlers.o
LOAD ./system/src/cmsis/system_stm32f10x.o
LOAD ./system/src/cmsis/vectors_stm32f10x.o
LOAD ./src/AFIO_program.o
LOAD ./src/EXTI_program.o
LOAD ./src/GPIO_program.o
LOAD ./src/NVIC_program.o
LOAD ./src/RCC_program.o
LOAD ./src/STK_program.o
LOAD ./src/main.o
LOAD c:/program files (x86)/gnu tools arm embedded/8 2019-q3-update/bin/../lib/gcc/arm-none-eabi/8.3.1/../../../../arm-none-eabi/lib/thumb/v7-m/nofp\libstdc++_nano.a
LOAD c:/program files (x86)/gnu tools arm embedded/8 2019-q3-update/bin/../lib/gcc/arm-none-eabi/8.3.1/../../../../arm-none-eabi/lib/thumb/v7-m/nofp\libm.a
START GROUP
LOAD c:/program files (x86)/gnu tools arm embedded/8 2019-q3-update/bin/../lib/gcc/arm-none-eabi/8.3.1/thumb/v7-m/nofp\libgcc.a
LOAD c:/program files (x86)/gnu tools arm embedded/8 2019-q3-update/bin/../lib/gcc/arm-none-eabi/8.3.1/../../../../arm-none-eabi/lib/thumb/v7-m/nofp\libg_nano.a
LOAD c:/program files (x86)/gnu tools arm embedded/8 2019-q3-update/bin/../lib/gcc/arm-none-eabi/8.3.1/../../../../arm-none-eabi/lib/thumb/v7-m/nofp\libc_nano.a
END GROUP
START GROUP
LOAD c:/program files (x86)/gnu tools arm embedded/8 2019-q3-update/bin/../lib/gcc/arm-none-eabi/8.3.1/thumb/v7-m/nofp\libgcc.a
LOAD c:/program files (x86)/gnu tools arm embedded/8 2019-q3-update/bin/../lib/gcc/arm-none-eabi/8.3.1/../../../../arm-none-eabi/lib/thumb/v7-m/nofp\libc_nano.a
END GROUP
                0x20005000                __stack = (ORIGIN (RAM) + LENGTH (RAM))
                0x20005000                _estack = __stack
                0x00000400                __Main_Stack_Size = 0x400
                [!provide]                PROVIDE (_Main_Stack_Size = __Main_Stack_Size)
                0x20004c00                __Main_Stack_Limit = (__stack - __Main_Stack_Size)
                [!provide]                PROVIDE (_Main_Stack_Limit = __Main_Stack_Limit)
                0x00000100                _Minimum_Stack_Size = 0x100
                0x20000074                PROVIDE (_Heap_Begin = _end_noinit)
                0x20004c00                PROVIDE (_Heap_Limit = (__stack - __Main_Stack_Size))

.isr_vector     0x08000000      0x22a
 FILL mask 0xff
                0x08000000                __vectors_start = ABSOLUTE (.)
                0x08000000                __vectors_start__ = ABSOLUTE (.)
 *(.isr_vector)
 .isr_vector    0x08000000      0x10c ./system/src/cmsis/vectors_stm32f10x.o
                0x08000000                __isr_vectors
 *(.cfmconfig)
 *(.after_vectors .after_vectors.*)
 .after_vectors
                0x0800010c       0xb8 ./system/src/newlib/_startup.o
                0x0800010c                _start
 .after_vectors
                0x080001c4       0x64 ./system/src/cortexm/exception_handlers.o
                0x080001c4                Reset_Handler
                0x080001c8                NMI_Handler
                0x080001ca                HardFault_Handler
                0x080001de                HardFault_Handler_C
                0x080001e0                MemManage_Handler
                0x080001e2                BusFault_Handler
                0x080001f6                BusFault_Handler_C
                0x080001f8                UsageFault_Handler
                0x0800020c                UsageFault_Handler_C
                0x0800020e                SVC_Handler
                0x08000210                DebugMon_Handler
                0x08000212                PendSV_Handler
 .after_vectors
                0x08000228        0x2 ./system/src/cmsis/vectors_stm32f10x.o
                0x08000228                TIM8_TRG_COM_IRQHandler
                0x08000228                TIM8_CC_IRQHandler
                0x08000228                TIM1_CC_IRQHandler
                0x08000228                TIM6_IRQHandler
                0x08000228                PVD_IRQHandler
                0x08000228                SDIO_IRQHandler
                0x08000228                CAN2_RX1_IRQHandler
                0x08000228                TIM8_TRG_COM_TIM14_IRQHandler
                0x08000228                TIM1_UP_TIM10_IRQHandler
                0x08000228                TIM8_UP_TIM13_IRQHandler
                0x08000228                I2C2_EV_IRQHandler
                0x08000228                CAN1_RX0_IRQHandler
                0x08000228                TIM1_UP_TIM16_IRQHandler
                0x08000228                CAN2_SCE_IRQHandler
                0x08000228                ADC1_2_IRQHandler
                0x08000228                SPI1_IRQHandler
                0x08000228                TAMPER_IRQHandler
                0x08000228                TIM6_DAC_IRQHandler
                0x08000228                TIM1_BRK_TIM9_IRQHandler
                0x08000228                CAN2_RX0_IRQHandler
                0x08000228                TIM8_UP_IRQHandler
                0x08000228                DMA2_Channel2_IRQHandler
                0x08000228                DMA1_Channel4_IRQHandler
                0x08000228                USART3_IRQHandler
                0x08000228                RTC_IRQHandler
                0x08000228                DMA1_Channel7_IRQHandler
                0x08000228                CAN1_RX1_IRQHandler
                0x08000228                UART5_IRQHandler
                0x08000228                ADC3_IRQHandler
                0x08000228                TIM4_IRQHandler
                0x08000228                DMA2_Channel1_IRQHandler
                0x08000228                I2C1_EV_IRQHandler
                0x08000228                DMA1_Channel6_IRQHandler
                0x08000228                UART4_IRQHandler
                0x08000228                DMA2_Channel4_IRQHandler
                0x08000228                TIM3_IRQHandler
                0x08000228                RCC_IRQHandler
                0x08000228                TIM8_BRK_TIM12_IRQHandler
                0x08000228                TIM1_TRG_COM_IRQHandler
                0x08000228                DMA1_Channel1_IRQHandler
                0x08000228                Default_Handler
                0x08000228                CEC_IRQHandler
                0x08000228                EXTI15_10_IRQHandler
                0x08000228                TIM14_IRQHandler
                0x08000228                TIM13_IRQHandler
                0x08000228                TIM12_IRQHandler
                0x08000228                TIM7_IRQHandler
                0x08000228                CAN2_TX_IRQHandler
                0x08000228                TIM5_IRQHandler
                0x08000228                EXTI9_5_IRQHandler
                0x08000228                ETH_WKUP_IRQHandler
                0x08000228                SPI2_IRQHandler
                0x08000228                CAN1_TX_IRQHandler
                0x08000228                DMA2_Channel5_IRQHandler
                0x08000228                DMA1_Channel5_IRQHandler
                0x08000228                USB_LP_CAN1_RX0_IRQHandler
                0x08000228                TIM1_TRG_COM_TIM17_IRQHandler
                0x08000228                USB_HP_CAN1_TX_IRQHandler
                0x08000228                DMA1_Channel3_IRQHandler
                0x08000228                FSMC_IRQHandler
                0x08000228                ETH_IRQHandler
                0x08000228                TIM1_UP_IRQHandler
                0x08000228                WWDG_IRQHandler
                0x08000228                TIM2_IRQHandler
                0x08000228                OTG_FS_WKUP_IRQHandler
                0x08000228                TIM1_TRG_COM_TIM11_IRQHandler
                0x08000228                TIM1_BRK_IRQHandler
                0x08000228                RTCAlarm_IRQHandler
                0x08000228                DMA2_Channel4_5_IRQHandler
                0x08000228                USART2_IRQHandler
                0x08000228                I2C2_ER_IRQHandler
                0x08000228                DMA1_Channel2_IRQHandler
                0x08000228                TIM8_BRK_IRQHandler
                0x08000228                CAN1_SCE_IRQHandler
                0x08000228                FLASH_IRQHandler
                0x08000228                USART1_IRQHandler
                0x08000228                OTG_FS_IRQHandler
                0x08000228                SPI3_IRQHandler
                0x08000228                I2C1_ER_IRQHandler
                0x08000228                USBWakeUp_IRQHandler
                0x08000228                DMA2_Channel3_IRQHandler
                0x08000228                TIM1_BRK_TIM15_IRQHandler

.inits          0x0800022c       0x28
                0x0800022c                __data_regions_array_start = .
                0x0800022c        0x4 LONG 0x8000990 LOADADDR (.data)
                0x08000230        0x4 LONG 0x20000000 ADDR (.data)
                0x08000234        0x4 LONG 0x2000001c (ADDR (.data) + SIZEOF (.data))
                0x08000238        0x4 LONG 0x8000990 LOADADDR (.data_CCMRAM)
                0x0800023c        0x4 LONG 0x0 ADDR (.data_CCMRAM)
                0x08000240        0x4 LONG 0x0 (ADDR (.data_CCMRAM) + SIZEOF (.data_CCMRAM))
                0x08000244                __data_regions_array_end = .
                0x08000244                __bss_regions_array_start = .
                0x08000244        0x4 LONG 0x2000001c ADDR (.bss)
                0x08000248        0x4 LONG 0x20000074 (ADDR (.bss) + SIZEOF (.bss))
                0x0800024c        0x4 LONG 0x0 ADDR (.bss_CCMRAM)
                0x08000250        0x4 LONG 0x0 (ADDR (.bss_CCMRAM) + SIZEOF (.bss_CCMRAM))
                0x08000254                __bss_regions_array_end = .
 *(.init)
 *(.fini)
                0x08000254                . = ALIGN (0x4)
                0x08000254                PROVIDE (__preinit_array_start = .)
 *(.preinit_array_sysinit .preinit_array_sysinit.*)
 *(.preinit_array_platform .preinit_array_platform.*)
 *(.preinit_array .preinit_array.*)
                0x08000254                PROVIDE (__preinit_array_end = .)
                0x08000254                . = ALIGN (0x4)
                0x08000254                PROVIDE (__init_array_start = .)
 *(SORT_BY_NAME(.init_array.*))
 *(.init_array)
                0x08000254                PROVIDE (__init_array_end = .)
                0x08000254                . = ALIGN (0x4)
                0x08000254                PROVIDE (__fini_array_start = .)
 *(SORT_BY_NAME(.fini_array.*))
 *(.fini_array)
                0x08000254                PROVIDE (__fini_array_end = .)

.flashtext
 *(.flashtext .flashtext.*)

.text           0x08000254      0x73c
 *(.text .text.*)
 .text._exit    0x08000254        0x6 ./system/src/newlib/_exit.o
                0x08000254                _exit
 *fill*         0x0800025a        0x2 
 .text.__initialize_args
                0x0800025c       0x10 ./system/src/newlib/_syscalls.o
                0x0800025c                __initialize_args
 .text.__initialize_hardware_early
                0x0800026c       0x18 ./system/src/cortexm/_initialize_hardware.o
                0x0800026c                __initialize_hardware_early
 .text.__initialize_hardware
                0x08000284        0x4 ./system/src/cortexm/_initialize_hardware.o
                0x08000284                __initialize_hardware
 .text.__reset_hardware
                0x08000288       0x24 ./system/src/cortexm/_reset_hardware.o
                0x08000288                __reset_hardware
 .text.SystemInit
                0x080002ac       0xf0 ./system/src/cmsis/system_stm32f10x.o
                0x080002ac                SystemInit
 .text.SystemCoreClockUpdate
                0x0800039c       0x5c ./system/src/cmsis/system_stm32f10x.o
                0x0800039c                SystemCoreClockUpdate
 .text.MAFIO_voidEnableEXTI
                0x080003f8       0xa0 ./src/AFIO_program.o
                0x080003f8                MAFIO_voidEnableEXTI
 .text.MEXTI_voidInit
                0x08000498       0xc8 ./src/EXTI_program.o
                0x08000498                MEXTI_voidInit
 .text.EXTI_SetCallBack
                0x08000560       0x98 ./src/EXTI_program.o
                0x08000560                EXTI_SetCallBack
 .text.EXTI0_IRQHandler
                0x080005f8       0x1c ./src/EXTI_program.o
                0x080005f8                EXTI0_IRQHandler
 .text.EXTI1_IRQHandler
                0x08000614       0x1c ./src/EXTI_program.o
                0x08000614                EXTI1_IRQHandler
 .text.EXTI2_IRQHandler
                0x08000630       0x1c ./src/EXTI_program.o
                0x08000630                EXTI2_IRQHandler
 .text.EXTI3_IRQHandler
                0x0800064c       0x1c ./src/EXTI_program.o
                0x0800064c                EXTI3_IRQHandler
 .text.EXTI4_IRQHandler
                0x08000668       0x1c ./src/EXTI_program.o
                0x08000668                EXTI4_IRQHandler
 .text.GPIO_voidSetPinDir
                0x08000684       0xb8 ./src/GPIO_program.o
                0x08000684                GPIO_voidSetPinDir
 .text.GPIO_voidSetPinValue
                0x0800073c       0x68 ./src/GPIO_program.o
                0x0800073c                GPIO_voidSetPinValue
 .text.GPIO_u8TogglePin
                0x080007a4       0x44 ./src/GPIO_program.o
                0x080007a4                GPIO_u8TogglePin
 .text.MNVIC_voidEnableInterrupt
                0x080007e8       0x2c ./src/NVIC_program.o
                0x080007e8                MNVIC_voidEnableInterrupt
 .text.RCC_voidInitSysClock
                0x08000814       0x14 ./src/RCC_program.o
                0x08000814                RCC_voidInitSysClock
 .text.RCC_voidEnableClock
                0x08000828       0x3c ./src/RCC_program.o
                0x08000828                RCC_voidEnableClock
 .text.MSTK_voidInit
                0x08000864       0x10 ./src/STK_program.o
                0x08000864                MSTK_voidInit
 .text.SysTick_Handler
                0x08000874       0x44 ./src/STK_program.o
                0x08000874                SysTick_Handler
 .text.Tog_FALLING_EDGE
                0x080008b8        0x8 ./src/main.o
                0x080008b8                Tog_FALLING_EDGE
 .text.Tog_RISING_EDGE
                0x080008c0        0x8 ./src/main.o
                0x080008c0                Tog_RISING_EDGE
 .text.Tog_ON_CHANGE
                0x080008c8        0x8 ./src/main.o
                0x080008c8                Tog_ON_CHANGE
 .text.startup.main
                0x080008d0       0xc0 ./src/main.o
                0x080008d0                main
 *(.rodata .rodata.* .constdata .constdata.*)
 *(vtable)
 *(.eh_frame*)
 *(.glue_7)
 .glue_7        0x08000990        0x0 linker stubs
 *(.glue_7t)
 .glue_7t       0x08000990        0x0 linker stubs

.vfp11_veneer   0x08000990        0x0
 .vfp11_veneer  0x08000990        0x0 linker stubs

.v4_bx          0x08000990        0x0
 .v4_bx         0x08000990        0x0 linker stubs

.iplt           0x08000990        0x0
 .iplt          0x08000990        0x0 ./system/src/newlib/_exit.o

.rel.dyn        0x08000990        0x0
 .rel.iplt      0x08000990        0x0 ./system/src/newlib/_exit.o

.ARM.extab
 *(.ARM.extab* .gnu.linkonce.armextab.*)
                0x08000990                . = ALIGN (0x4)
                0x08000990                __exidx_start = .

.ARM.exidx
 *(.ARM.exidx* .gnu.linkonce.armexidx.*)
                0x08000990                __exidx_end = .
                0x08000990                . = ALIGN (0x4)
                0x08000990                _etext = .
                0x08000990                __etext = .

.data_CCMRAM    0x00000000        0x0 load address 0x08000990
 FILL mask 0xff
 *(.data.CCMRAM .data.CCMRAM.*)
                0x00000000                . = ALIGN (0x4)
                0x08000990                _sidata = LOADADDR (.data)

.data           0x20000000       0x1c load address 0x08000990
 FILL mask 0xff
                0x20000000                _sdata = .
                0x20000000                __data_start__ = .
 *(.data_begin .data_begin.*)
 *(.data .data.*)
 .data.argv.4375
                0x20000000        0x8 ./system/src/newlib/_syscalls.o
 .data.AHBPrescTable
                0x20000008       0x10 ./system/src/cmsis/system_stm32f10x.o
                0x20000008                AHBPrescTable
 .data.SystemCoreClock
                0x20000018        0x4 ./system/src/cmsis/system_stm32f10x.o
                0x20000018                SystemCoreClock
 *(.data_end .data_end.*)
                0x2000001c                . = ALIGN (0x4)
                0x2000001c                _edata = .
                0x2000001c                __data_end__ = .

.igot.plt       0x2000001c        0x0 load address 0x080009ac
 .igot.plt      0x2000001c        0x0 ./system/src/newlib/_exit.o

.bss_CCMRAM     0x00000000        0x0
 *(.bss.CCMRAM .bss.CCMRAM.*)

.bss            0x2000001c       0x58
                0x2000001c                __bss_start__ = .
                0x2000001c                _sbss = .
 *(.bss_begin .bss_begin.*)
 *(.bss .bss.*)
 .bss.name.4374
                0x2000001c        0x1 ./system/src/newlib/_syscalls.o
 .bss.GS_IntervalMode
                0x2000001d        0x1 ./src/STK_program.o
 *(COMMON)
 *fill*         0x2000001e        0x2 
 COMMON         0x20000020       0x50 ./src/EXTI_program.o
                0x20000020                EXTI_CallBack
 COMMON         0x20000070        0x4 ./src/STK_program.o
                0x20000070                MSTK_CallBack
 *(.bss_end .bss_end.*)
                0x20000074                . = ALIGN (0x4)
                0x20000074                __bss_end__ = .
                0x20000074                _ebss = .

.noinit_CCMRAM
 *(.noinit.CCMRAM .noinit.CCMRAM.*)

.noinit         0x20000074        0x0
                0x20000074                _noinit = .
 *(.noinit .noinit.*)
                0x20000074                . = ALIGN (0x4)
                0x20000074                _end_noinit = .
                [!provide]                PROVIDE (end = _end_noinit)
                [!provide]                PROVIDE (_end = _end_noinit)
                [!provide]                PROVIDE (__end = _end_noinit)
                [!provide]                PROVIDE (__end__ = _end_noinit)

._check_stack   0x20000074      0x100
                0x20000174                . = (. + _Minimum_Stack_Size)
 *fill*         0x20000074      0x100 

.b1text
 *(.b1text)
 *(.b1rodata)
 *(.b1rodata.*)

.eb0text
 *(.eb0text)
 *(.eb0rodata)
 *(.eb0rodata.*)

.eb1text
 *(.eb1text)
 *(.eb1rodata)
 *(.eb1rodata.*)

.eb2text
 *(.eb2text)
 *(.eb2rodata)
 *(.eb2rodata.*)

.eb3text
 *(.eb3text)
 *(.eb3rodata)
 *(.eb3rodata.*)

.stab
 *(.stab)

.stabstr
 *(.stabstr)

.stab.excl
 *(.stab.excl)

.stab.exclstr
 *(.stab.exclstr)

.stab.index
 *(.stab.index)

.stab.indexstr
 *(.stab.indexstr)

.comment        0x00000000       0x76
 *(.comment)
 .comment       0x00000000       0x76 ./system/src/newlib/_exit.o
                                 0x77 (size before relaxing)
 .comment       0x00000076       0x77 ./system/src/newlib/_startup.o
 .comment       0x00000076       0x77 ./system/src/newlib/_syscalls.o
 .comment       0x00000076       0x77 ./system/src/cortexm/_initialize_hardware.o
 .comment       0x00000076       0x77 ./system/src/cortexm/_reset_hardware.o
 .comment       0x00000076       0x77 ./system/src/cortexm/exception_handlers.o
 .comment       0x00000076       0x77 ./system/src/cmsis/system_stm32f10x.o
 .comment       0x00000076       0x77 ./system/src/cmsis/vectors_stm32f10x.o
 .comment       0x00000076       0x77 ./src/AFIO_program.o
 .comment       0x00000076       0x77 ./src/EXTI_program.o
 .comment       0x00000076       0x77 ./src/GPIO_program.o
 .comment       0x00000076       0x77 ./src/NVIC_program.o
 .comment       0x00000076       0x77 ./src/RCC_program.o
 .comment       0x00000076       0x77 ./src/STK_program.o
 .comment       0x00000076       0x77 ./src/main.o

.ARM.attributes
                0x00000000       0x2d
 .ARM.attributes
                0x00000000       0x2d ./system/src/newlib/_exit.o
 .ARM.attributes
                0x0000002d       0x2d ./system/src/newlib/_startup.o
 .ARM.attributes
                0x0000005a       0x2d ./system/src/newlib/_syscalls.o
 .ARM.attributes
                0x00000087       0x2d ./system/src/cortexm/_initialize_hardware.o
 .ARM.attributes
                0x000000b4       0x2d ./system/src/cortexm/_reset_hardware.o
 .ARM.attributes
                0x000000e1       0x2d ./system/src/cortexm/exception_handlers.o
 .ARM.attributes
                0x0000010e       0x2d ./system/src/cmsis/system_stm32f10x.o
 .ARM.attributes
                0x0000013b       0x2d ./system/src/cmsis/vectors_stm32f10x.o
 .ARM.attributes
                0x00000168       0x2d ./src/AFIO_program.o
 .ARM.attributes
                0x00000195       0x2d ./src/EXTI_program.o
 .ARM.attributes
                0x000001c2       0x2d ./src/GPIO_program.o
 .ARM.attributes
                0x000001ef       0x2d ./src/NVIC_program.o
 .ARM.attributes
                0x0000021c       0x2d ./src/RCC_program.o
 .ARM.attributes
                0x00000249       0x2d ./src/STK_program.o
 .ARM.attributes
                0x00000276       0x2d ./src/main.o

.debug
 *(.debug)

.line
 *(.line)

.debug_srcinfo
 *(.debug_srcinfo)

.debug_sfnames
 *(.debug_sfnames)

.debug_aranges  0x00000000      0x400
 *(.debug_aranges)
 .debug_aranges
                0x00000000       0x28 ./system/src/newlib/_exit.o
 .debug_aranges
                0x00000028       0x40 ./system/src/newlib/_startup.o
 .debug_aranges
                0x00000068       0x30 ./system/src/newlib/_syscalls.o
 .debug_aranges
                0x00000098       0x28 ./system/src/cortexm/_initialize_hardware.o
 .debug_aranges
                0x000000c0       0x20 ./system/src/cortexm/_reset_hardware.o
 .debug_aranges
                0x000000e0       0x80 ./system/src/cortexm/exception_handlers.o
 .debug_aranges
                0x00000160       0x28 ./system/src/cmsis/system_stm32f10x.o
 .debug_aranges
                0x00000188       0x20 ./system/src/cmsis/vectors_stm32f10x.o
 .debug_aranges
                0x000001a8       0x28 ./src/AFIO_program.o
 .debug_aranges
                0x000001d0       0xe8 ./src/EXTI_program.o
 .debug_aranges
                0x000002b8       0x38 ./src/GPIO_program.o
 .debug_aranges
                0x000002f0       0x50 ./src/NVIC_program.o
 .debug_aranges
                0x00000340       0x30 ./src/RCC_program.o
 .debug_aranges
                0x00000370       0x58 ./src/STK_program.o
 .debug_aranges
                0x000003c8       0x38 ./src/main.o

.debug_pubnames
 *(.debug_pubnames)

.debug_info     0x00000000     0x3fee
 *(.debug_info .gnu.linkonce.wi.*)
 .debug_info    0x00000000      0x9f1 ./system/src/newlib/_exit.o
 .debug_info    0x000009f1      0x454 ./system/src/newlib/_startup.o
 .debug_info    0x00000e45      0xab5 ./system/src/newlib/_syscalls.o
 .debug_info    0x000018fa      0x2d2 ./system/src/cortexm/_initialize_hardware.o
 .debug_info    0x00001bcc      0x2fb ./system/src/cortexm/_reset_hardware.o
 .debug_info    0x00001ec7      0xb96 ./system/src/cortexm/exception_handlers.o
 .debug_info    0x00002a5d      0x4f1 ./system/src/cmsis/system_stm32f10x.o
 .debug_info    0x00002f4e       0xca ./system/src/cmsis/vectors_stm32f10x.o
 .debug_info    0x00003018      0x175 ./src/AFIO_program.o
 .debug_info    0x0000318d      0x433 ./src/EXTI_program.o
 .debug_info    0x000035c0      0x185 ./src/GPIO_program.o
 .debug_info    0x00003745      0x1be ./src/NVIC_program.o
 .debug_info    0x00003903       0xe9 ./src/RCC_program.o
 .debug_info    0x000039ec      0x1d3 ./src/STK_program.o
 .debug_info    0x00003bbf      0x42f ./src/main.o

.debug_abbrev   0x00000000     0x1331
 *(.debug_abbrev)
 .debug_abbrev  0x00000000      0x243 ./system/src/newlib/_exit.o
 .debug_abbrev  0x00000243      0x19d ./system/src/newlib/_startup.o
 .debug_abbrev  0x000003e0      0x26a ./system/src/newlib/_syscalls.o
 .debug_abbrev  0x0000064a      0x107 ./system/src/cortexm/_initialize_hardware.o
 .debug_abbrev  0x00000751      0x12f ./system/src/cortexm/_reset_hardware.o
 .debug_abbrev  0x00000880      0x234 ./system/src/cortexm/exception_handlers.o
 .debug_abbrev  0x00000ab4      0x1d3 ./system/src/cmsis/system_stm32f10x.o
 .debug_abbrev  0x00000c87       0xa2 ./system/src/cmsis/vectors_stm32f10x.o
 .debug_abbrev  0x00000d29       0xdb ./src/AFIO_program.o
 .debug_abbrev  0x00000e04      0x139 ./src/EXTI_program.o
 .debug_abbrev  0x00000f3d       0xbb ./src/GPIO_program.o
 .debug_abbrev  0x00000ff8       0xca ./src/NVIC_program.o
 .debug_abbrev  0x000010c2       0x78 ./src/RCC_program.o
 .debug_abbrev  0x0000113a      0x12b ./src/STK_program.o
 .debug_abbrev  0x00001265       0xcc ./src/main.o

.debug_line     0x00000000     0x1f2e
 *(.debug_line)
 .debug_line    0x00000000      0x1f9 ./system/src/newlib/_exit.o
 .debug_line    0x000001f9      0x26a ./system/src/newlib/_startup.o
 .debug_line    0x00000463      0x22f ./system/src/newlib/_syscalls.o
 .debug_line    0x00000692      0x137 ./system/src/cortexm/_initialize_hardware.o
 .debug_line    0x000007c9      0x16c ./system/src/cortexm/_reset_hardware.o
 .debug_line    0x00000935      0x2e9 ./system/src/cortexm/exception_handlers.o
 .debug_line    0x00000c1e      0x2df ./system/src/cmsis/system_stm32f10x.o
 .debug_line    0x00000efd       0x68 ./system/src/cmsis/vectors_stm32f10x.o
 .debug_line    0x00000f65      0x194 ./src/AFIO_program.o
 .debug_line    0x000010f9      0x5a6 ./src/EXTI_program.o
 .debug_line    0x0000169f      0x276 ./src/GPIO_program.o
 .debug_line    0x00001915      0x208 ./src/NVIC_program.o
 .debug_line    0x00001b1d       0xf7 ./src/RCC_program.o
 .debug_line    0x00001c14      0x1e0 ./src/STK_program.o
 .debug_line    0x00001df4      0x13a ./src/main.o

.debug_frame    0x00000000      0x728
 *(.debug_frame)
 .debug_frame   0x00000000       0x40 ./system/src/newlib/_exit.o
 .debug_frame   0x00000040       0x80 ./system/src/newlib/_startup.o
 .debug_frame   0x000000c0       0x50 ./system/src/newlib/_syscalls.o
 .debug_frame   0x00000110       0x38 ./system/src/cortexm/_initialize_hardware.o
 .debug_frame   0x00000148       0x20 ./system/src/cortexm/_reset_hardware.o
 .debug_frame   0x00000168       0xe0 ./system/src/cortexm/exception_handlers.o
 .debug_frame   0x00000248       0x38 ./system/src/cmsis/system_stm32f10x.o
 .debug_frame   0x00000280       0x20 ./system/src/cmsis/vectors_stm32f10x.o
 .debug_frame   0x000002a0       0x30 ./src/AFIO_program.o
 .debug_frame   0x000002d0      0x250 ./src/EXTI_program.o
 .debug_frame   0x00000520       0x58 ./src/GPIO_program.o
 .debug_frame   0x00000578       0x80 ./src/NVIC_program.o
 .debug_frame   0x000005f8       0x40 ./src/RCC_program.o
 .debug_frame   0x00000638       0x98 ./src/STK_program.o
 .debug_frame   0x000006d0       0x58 ./src/main.o

.debug_str      0x00000000     0x128f
 *(.debug_str)
 .debug_str     0x00000000      0x592 ./system/src/newlib/_exit.o
                                0x603 (size before relaxing)
 .debug_str     0x00000592      0x16d ./system/src/newlib/_startup.o
                                0x335 (size before relaxing)
 .debug_str     0x000006ff       0x8a ./system/src/newlib/_syscalls.o
                                0x634 (size before relaxing)
 .debug_str     0x00000789       0xea ./system/src/cortexm/_initialize_hardware.o
                                0x2b9 (size before relaxing)
 .debug_str     0x00000873       0x45 ./system/src/cortexm/_reset_hardware.o
                                0x27f (size before relaxing)
 .debug_str     0x000008b8      0x11f ./system/src/cortexm/exception_handlers.o
                                0x6fc (size before relaxing)
 .debug_str     0x000009d7       0xee ./system/src/cmsis/system_stm32f10x.o
                                0x33d (size before relaxing)
 .debug_str     0x00000ac5       0x57 ./system/src/cmsis/vectors_stm32f10x.o
                                0x1ec (size before relaxing)
 .debug_str     0x00000b1c      0x114 ./src/AFIO_program.o
                                0x264 (size before relaxing)
 .debug_str     0x00000c30      0x2d5 ./src/EXTI_program.o
                                0x441 (size before relaxing)
 .debug_str     0x00000f05       0xa3 ./src/GPIO_program.o
                                0x1f3 (size before relaxing)
 .debug_str     0x00000fa8      0x126 ./src/NVIC_program.o
                                0x276 (size before relaxing)
 .debug_str     0x000010ce       0x6d ./src/RCC_program.o
                                0x1bd (size before relaxing)
 .debug_str     0x0000113b      0x117 ./src/STK_program.o
                                0x277 (size before relaxing)
 .debug_str     0x00001252       0x3d ./src/main.o
                                0x351 (size before relaxing)

.debug_loc      0x00000000      0xf43
 *(.debug_loc)
 .debug_loc     0x00000000       0x25 ./system/src/newlib/_exit.o
 .debug_loc     0x00000025      0x2da ./system/src/newlib/_startup.o
 .debug_loc     0x000002ff       0x6f ./system/src/newlib/_syscalls.o
 .debug_loc     0x0000036e       0x7e ./system/src/cortexm/exception_handlers.o
 .debug_loc     0x000003ec       0xb8 ./system/src/cmsis/system_stm32f10x.o
 .debug_loc     0x000004a4      0x26e ./src/AFIO_program.o
 .debug_loc     0x00000712      0x110 ./src/EXTI_program.o
 .debug_loc     0x00000822      0x3aa ./src/GPIO_program.o
 .debug_loc     0x00000bcc      0x209 ./src/NVIC_program.o
 .debug_loc     0x00000dd5      0x102 ./src/RCC_program.o
 .debug_loc     0x00000ed7       0x6c ./src/STK_program.o

.debug_macinfo
 *(.debug_macinfo)

.debug_weaknames
 *(.debug_weaknames)

.debug_funcnames
 *(.debug_funcnames)

.debug_typenames
 *(.debug_typenames)

.debug_varnames
 *(.debug_varnames)
OUTPUT(EXTI.elf elf32-littlearm)

.debug_ranges   0x00000000      0x390
 .debug_ranges  0x00000000       0x18 ./system/src/newlib/_exit.o
 .debug_ranges  0x00000018       0x98 ./system/src/newlib/_startup.o
 .debug_ranges  0x000000b0       0x20 ./system/src/newlib/_syscalls.o
 .debug_ranges  0x000000d0       0x18 ./system/src/cortexm/_initialize_hardware.o
 .debug_ranges  0x000000e8       0x10 ./system/src/cortexm/_reset_hardware.o
 .debug_ranges  0x000000f8       0x70 ./system/src/cortexm/exception_handlers.o
 .debug_ranges  0x00000168       0x30 ./system/src/cmsis/system_stm32f10x.o
 .debug_ranges  0x00000198       0x10 ./system/src/cmsis/vectors_stm32f10x.o
 .debug_ranges  0x000001a8       0x18 ./src/AFIO_program.o
 .debug_ranges  0x000001c0       0xd8 ./src/EXTI_program.o
 .debug_ranges  0x00000298       0x28 ./src/GPIO_program.o
 .debug_ranges  0x000002c0       0x40 ./src/NVIC_program.o
 .debug_ranges  0x00000300       0x20 ./src/RCC_program.o
 .debug_ranges  0x00000320       0x48 ./src/STK_program.o
 .debug_ranges  0x00000368       0x28 ./src/main.o
