


ARM Macro Assembler    Page 1 


    1 00000000         ; 1. Activate clock of the port in RCGCGPIO(RCC) REGISTE
                       RS PAGE 340
    2 00000000         ;  - Wait for status bit to be in PRGPIO    --> SKIPED 
    3 00000000         ; 2. Unlock Pin - only needed for PD7  --> SKIPED 
    4 00000000         ; 3. Set direction of pin in DIR register page(663)
    5 00000000         ; 4. Enable pin in DEN register (page 682)
    6 00000000         
    7 00000000         ;     Write/Read data : GPIODATA register (page 654)
    8 00000000         
    9 00000000 400FE608 
                       SYSCTL_RCGCGPIO_R
                               EQU              0x400FE608
   10 00000000 40025400 
                       GPIO_PORTF_DIR_R
                               EQU              0x40025400
   11 00000000 400253FC 
                       GPIO_PORTF_DATA_R
                               EQU              0x400253FC
   12 00000000 4002551C 
                       GPIO_PORTF_DEN_R
                               EQU              0x4002551C
   13 00000000         
   14 00000000                 AREA             |.text|,CODE,READONLY,ALIGN=2
   15 00000000                 THUMB
   16 00000000                 EXPORT           main
   17 00000000         
   18 00000000         main
   19 00000000 F000 F803       BL               GPIOF_Init
   20 00000004         
   21 00000004 F000 F80F 
                       Loop    BL               LIGHT_ON
   22 00000008 E7FC            B                Loop
   23 0000000A         
   24 0000000A         
   25 0000000A         GPIOF_Init
   26 0000000A 4909            LDR              R1,=SYSCTL_RCGCGPIO_R ;load the
                                                             address of RCC reg
                                                            ister
   27 0000000C 6808            LDR              R0,[R1]     ; load the pointed 
                                                            value by R1 in R0  
                                                                               
                                                                         
   28 0000000E F040 0020       ORR              R0,R0,#0x20 ; ORing with 0x20 t
                                                            o Enable bit 5 to e
                                                            nable clock of PORT
                                                            F 
   29 00000012 6008            STR              R0,[R1]     ; Store back the va
                                                            lue in the clock re
                                                            gister
   30 00000014         ;SET PIN1 of PORTF As Output
   31 00000014 4907            LDR              R1,=GPIO_PORTF_DIR_R
   32 00000016 F04F 0002       MOV              R0,#0x02
   33 0000001A 6008            STR              R0,[R1]
   34 0000001C         ;SET PIN1 of PORTF high
   35 0000001C 4906            LDR              R1,=GPIO_PORTF_DEN_R
   36 0000001E F04F 0002       MOV              R0,#0x02
   37 00000022 6008            STR              R0,[R1]
   38 00000024         
   39 00000024 4770            BX               LR          ; branch to Main 



ARM Macro Assembler    Page 2 


   40 00000026         
   41 00000026         
   42 00000026         LIGHT_ON
   43 00000026 4905            LDR              R1,=GPIO_PORTF_DATA_R
   44 00000028 F04F 0002       MOV              R0,#0x02
   45 0000002C 6008            STR              R0,[R1]
   46 0000002E 4770            BX               LR
   47 00000030         
   48 00000030                 ALIGN
   49 00000030                 END
              400FE608 
              40025400 
              4002551C 
              400253FC 
Command Line: --debug --xref --diag_suppress=9931 --cpu=Cortex-M3 --apcs=interw
ork --depend=.\objects\main.d -o.\objects\main.o -I.\RTE\Device\STM32F103C8 -I.
\RTE\_Target_1 -IC:\Users\Ahmad\AppData\Local\Arm\Packs\ARM\CMSIS\5.7.0\CMSIS\C
ore\Include -IC:\Users\Ahmad\AppData\Local\Arm\Packs\Keil\STM32F1xx_DFP\2.3.0\D
evice\Include --predefine="__UVISION_VERSION SETA 529" --predefine="_RTE_ SETA 
1" --predefine="STM32F10X_MD SETA 1" --list=.\listings\main.lst main.s



ARM Macro Assembler    Page 1 Alphabetic symbol ordering
Relocatable symbols

.text 00000000

Symbol: .text
   Definitions
      At line 14 in file main.s
   Uses
      None
Comment: .text unused
GPIOF_Init 0000000A

Symbol: GPIOF_Init
   Definitions
      At line 25 in file main.s
   Uses
      At line 19 in file main.s
Comment: GPIOF_Init used once
LIGHT_ON 00000026

Symbol: LIGHT_ON
   Definitions
      At line 42 in file main.s
   Uses
      At line 21 in file main.s
Comment: LIGHT_ON used once
Loop 00000004

Symbol: Loop
   Definitions
      At line 21 in file main.s
   Uses
      At line 22 in file main.s
Comment: Loop used once
main 00000000

Symbol: main
   Definitions
      At line 18 in file main.s
   Uses
      At line 16 in file main.s
Comment: main used once
5 symbols



ARM Macro Assembler    Page 1 Alphabetic symbol ordering
Absolute symbols

GPIO_PORTF_DATA_R 400253FC

Symbol: GPIO_PORTF_DATA_R
   Definitions
      At line 11 in file main.s
   Uses
      At line 43 in file main.s
Comment: GPIO_PORTF_DATA_R used once
GPIO_PORTF_DEN_R 4002551C

Symbol: GPIO_PORTF_DEN_R
   Definitions
      At line 12 in file main.s
   Uses
      At line 35 in file main.s
Comment: GPIO_PORTF_DEN_R used once
GPIO_PORTF_DIR_R 40025400

Symbol: GPIO_PORTF_DIR_R
   Definitions
      At line 10 in file main.s
   Uses
      At line 31 in file main.s
Comment: GPIO_PORTF_DIR_R used once
SYSCTL_RCGCGPIO_R 400FE608

Symbol: SYSCTL_RCGCGPIO_R
   Definitions
      At line 9 in file main.s
   Uses
      At line 26 in file main.s
Comment: SYSCTL_RCGCGPIO_R used once
4 symbols
344 symbols in table
